nohup: ignoring input
===== FA vs OLA: performance plots =====
plots/final_compare_mnist_noniid_unbalanced/fa_vs_ola/performance/mix_global_accuracy_round.png
plots/final_compare_mnist_noniid_unbalanced/fa_vs_ola/performance/mix_global_mean_accuracy_round.png
plots/final_compare_mnist_noniid_unbalanced/fa_vs_ola/performance/mix_global_mc_accuracy_round.png
plots/final_compare_mnist_noniid_unbalanced/fa_vs_ola/performance/mix_global_loss_round.png
plots/final_compare_mnist_noniid_unbalanced/fa_vs_ola/performance/mix_global_mean_loss_round.png
plots/final_compare_mnist_noniid_unbalanced/fa_vs_ola/performance/mix_global_mc_loss_round.png
plots/final_compare_mnist_noniid_unbalanced/fa_vs_ola/performance/mix_global_nll_round.png
plots/final_compare_mnist_noniid_unbalanced/fa_vs_ola/performance/mix_global_ece_round.png
plots/final_compare_mnist_noniid_unbalanced/fa_vs_ola/performance/mix_global_mean_ece_round.png
plots/final_compare_mnist_noniid_unbalanced/fa_vs_ola/performance/mix_global_mc_ece_round.png
plots/final_compare_mnist_noniid_unbalanced/fa_vs_ola/performance/mix_global_brier_round.png
plots/final_compare_mnist_noniid_unbalanced/fa_vs_ola/performance/mix_global_mean_confidence_round.png
plots/final_compare_mnist_noniid_unbalanced/fa_vs_ola/performance/mix_global_mean_entropy_round.png
plots/final_compare_mnist_noniid_unbalanced/fa_vs_ola/performance/mix_local_accuracy_weighted_round.png
plots/final_compare_mnist_noniid_unbalanced/fa_vs_ola/performance/mix_local_loss_weighted_round.png
plots/final_compare_mnist_noniid_unbalanced/fa_vs_ola/performance/mix_train_loss_round.png
===== FA vs OLA: FL dynamics plots =====
plots/final_compare_mnist_noniid_unbalanced/fa_vs_ola/fl_dynamics/mix_selected_count_round.png
plots/final_compare_mnist_noniid_unbalanced/fa_vs_ola/fl_dynamics/mix_selected_examples_round.png
plots/final_compare_mnist_noniid_unbalanced/fa_vs_ola/fl_dynamics/mix_selected_label_entropy_mean_round.png
plots/final_compare_mnist_noniid_unbalanced/fa_vs_ola/fl_dynamics/mix_selected_kl_to_global_label_mean_round.png
plots/final_compare_mnist_noniid_unbalanced/fa_vs_ola/fl_dynamics/mix_client_update_l2_mean_round.png
plots/final_compare_mnist_noniid_unbalanced/fa_vs_ola/fl_dynamics/mix_client_update_l2_std_round.png
plots/final_compare_mnist_noniid_unbalanced/fa_vs_ola/fl_dynamics/mix_client_update_cosine_mean_round.png
plots/final_compare_mnist_noniid_unbalanced/fa_vs_ola/fl_dynamics/mix_aggregation_delta_l2_round.png
plots/final_compare_mnist_noniid_unbalanced/fa_vs_ola/fl_dynamics/mix_aggregation_delta_linf_round.png
plots/final_compare_mnist_noniid_unbalanced/fa_vs_ola/fl_dynamics/mix_aggregation_weight_entropy_round.png
===== FA vs OLA: runtime plots =====
plots/final_compare_mnist_noniid_unbalanced/fa_vs_ola/runtime/mix_round_time_sec_round.png
plots/final_compare_mnist_noniid_unbalanced/fa_vs_ola/runtime/mix_fit_time_sec_round.png
plots/final_compare_mnist_noniid_unbalanced/fa_vs_ola/runtime/mix_aggregate_time_sec_round.png
plots/final_compare_mnist_noniid_unbalanced/fa_vs_ola/runtime/mix_eval_time_sec_round.png
===== OLA Bayesian posterior plots with FedAvg reference where available =====
[skip] fedavg: no data for metric 'posterior_sigma_mean'
[skip] fedavg: no data for metric 'posterior_sigma_p50'
[skip] fedavg: no data for metric 'posterior_sigma_p90'
[skip] fedavg: no data for metric 'posterior_precision_mean'
[skip] fedavg: no data for metric 'posterior_precision_p50'
[skip] fedavg: no data for metric 'posterior_precision_p90'
[skip] fedavg: no data for metric 'posterior_snr_raw_mean'
[skip] fedavg: no data for metric 'posterior_snr_raw_p50'
[skip] fedavg: no data for metric 'posterior_snr_raw_p90'
[skip] fedavg: no data for metric 'posterior_snr_db_mean'
[skip] fedavg: no data for metric 'posterior_snr_db_p50'
[skip] fedavg: no data for metric 'posterior_snr_frac_lt_1'
[skip] fedavg: no data for metric 'posterior_snr_frac_gt_1'
[skip] fedavg: no data for metric 'ola_prior_loss_mean'
[skip] fedavg: no data for metric 'ola_task_loss_mean'
[skip] fedavg: no data for metric 'ola_fisher_mean'
[skip] fedavg: no data for metric 'ola_precision_mean'
[skip] fedavg: no data for metric 'ola_sigma_mean'
plots/final_compare_mnist_noniid_unbalanced/fa_vs_ola/bayesian_posterior/mix_posterior_sigma_mean_round.png
plots/final_compare_mnist_noniid_unbalanced/fa_vs_ola/bayesian_posterior/mix_posterior_sigma_p50_round.png
plots/final_compare_mnist_noniid_unbalanced/fa_vs_ola/bayesian_posterior/mix_posterior_sigma_p90_round.png
plots/final_compare_mnist_noniid_unbalanced/fa_vs_ola/bayesian_posterior/mix_posterior_precision_mean_round.png
plots/final_compare_mnist_noniid_unbalanced/fa_vs_ola/bayesian_posterior/mix_posterior_precision_p50_round.png
plots/final_compare_mnist_noniid_unbalanced/fa_vs_ola/bayesian_posterior/mix_posterior_precision_p90_round.png
plots/final_compare_mnist_noniid_unbalanced/fa_vs_ola/bayesian_posterior/mix_posterior_snr_raw_mean_round.png
plots/final_compare_mnist_noniid_unbalanced/fa_vs_ola/bayesian_posterior/mix_posterior_snr_raw_p50_round.png
plots/final_compare_mnist_noniid_unbalanced/fa_vs_ola/bayesian_posterior/mix_posterior_snr_raw_p90_round.png
plots/final_compare_mnist_noniid_unbalanced/fa_vs_ola/bayesian_posterior/mix_posterior_snr_db_mean_round.png
plots/final_compare_mnist_noniid_unbalanced/fa_vs_ola/bayesian_posterior/mix_posterior_snr_db_p50_round.png
plots/final_compare_mnist_noniid_unbalanced/fa_vs_ola/bayesian_posterior/mix_posterior_snr_frac_lt_1_round.png
plots/final_compare_mnist_noniid_unbalanced/fa_vs_ola/bayesian_posterior/mix_posterior_snr_frac_gt_1_round.png
plots/final_compare_mnist_noniid_unbalanced/fa_vs_ola/bayesian_posterior/mix_ola_prior_loss_mean_round.png
plots/final_compare_mnist_noniid_unbalanced/fa_vs_ola/bayesian_posterior/mix_ola_task_loss_mean_round.png
plots/final_compare_mnist_noniid_unbalanced/fa_vs_ola/bayesian_posterior/mix_ola_fisher_mean_round.png
plots/final_compare_mnist_noniid_unbalanced/fa_vs_ola/bayesian_posterior/mix_ola_precision_mean_round.png
plots/final_compare_mnist_noniid_unbalanced/fa_vs_ola/bayesian_posterior/mix_ola_sigma_mean_round.png
===== OLA-specific characteristics dashboard =====
[info] posterior round 188 not available in outputs/final_compare_mnist_noniid_unbalanced/ola_seed42/posterior_summary.csv; using nearest saved round 190
[info] posterior round 188 not available in outputs/final_compare_mnist_noniid_unbalanced/ola_seed42/posterior_summary.csv; using nearest saved round 190
[info] posterior round 188 not available in outputs/final_compare_mnist_noniid_unbalanced/ola_seed42/posterior_summary.csv; using nearest saved round 190
[info] posterior round 188 not available in outputs/final_compare_mnist_noniid_unbalanced/ola_seed42/posterior_summary.csv; using nearest saved round 190
[info] posterior round 129 not available in outputs/final_compare_mnist_noniid_unbalanced/ola_seed42/posterior_summary.csv; using nearest saved round 130
[info] posterior round 129 not available in outputs/final_compare_mnist_noniid_unbalanced/ola_seed42/posterior_summary.csv; using nearest saved round 130
[info] posterior round 129 not available in outputs/final_compare_mnist_noniid_unbalanced/ola_seed42/posterior_summary.csv; using nearest saved round 130
[info] posterior round 129 not available in outputs/final_compare_mnist_noniid_unbalanced/ola_seed42/posterior_summary.csv; using nearest saved round 130
plots/final_compare_mnist_noniid_unbalanced/fa_vs_ola/ola_characteristics/ola_mean_vs_mc_accuracy.png
plots/final_compare_mnist_noniid_unbalanced/fa_vs_ola/ola_characteristics/ola_mean_vs_mc_loss.png
plots/final_compare_mnist_noniid_unbalanced/fa_vs_ola/ola_characteristics/ola_uncertainty_decomposition.png
plots/final_compare_mnist_noniid_unbalanced/fa_vs_ola/ola_characteristics/ola_loss_decomposition.png
plots/final_compare_mnist_noniid_unbalanced/fa_vs_ola/ola_characteristics/ola_fisher_precision.png
plots/final_compare_mnist_noniid_unbalanced/fa_vs_ola/ola_characteristics/ola_sigma_uncertainty.png
plots/final_compare_mnist_noniid_unbalanced/fa_vs_ola/ola_characteristics/ola_snr_summary.png
plots/final_compare_mnist_noniid_unbalanced/fa_vs_ola/ola_characteristics/ola_global_local_accuracy.png
plots/final_compare_mnist_noniid_unbalanced/fa_vs_ola/ola_characteristics/ola_calibration_confidence_entropy.png
plots/final_compare_mnist_noniid_unbalanced/fa_vs_ola/ola_characteristics/ola_mean_mc_accuracy_gap.png
plots/final_compare_mnist_noniid_unbalanced/fa_vs_ola/ola_characteristics/ola_mean_mc_loss_gap.png
plots/final_compare_mnist_noniid_unbalanced/fa_vs_ola/ola_characteristics/ola_local_global_accuracy_gap.png
plots/final_compare_mnist_noniid_unbalanced/fa_vs_ola/ola_characteristics/ola_prior_task_ratio.png
plots/final_compare_mnist_noniid_unbalanced/fa_vs_ola/ola_characteristics/layer_final/ola_layer_final_sigma_mean_round_0200.png
plots/final_compare_mnist_noniid_unbalanced/fa_vs_ola/ola_characteristics/layer_final/ola_layer_final_precision_mean_round_0200.png
plots/final_compare_mnist_noniid_unbalanced/fa_vs_ola/ola_characteristics/layer_final/ola_layer_final_snr_raw_p50_round_0200.png
plots/final_compare_mnist_noniid_unbalanced/fa_vs_ola/ola_characteristics/layer_final/ola_layer_final_snr_raw_p90_round_0200.png
plots/final_compare_mnist_noniid_unbalanced/fa_vs_ola/ola_characteristics/layer_best_acc/ola_layer_best_acc_sigma_mean_round_0190.png
plots/final_compare_mnist_noniid_unbalanced/fa_vs_ola/ola_characteristics/layer_best_acc/ola_layer_best_acc_precision_mean_round_0190.png
plots/final_compare_mnist_noniid_unbalanced/fa_vs_ola/ola_characteristics/layer_best_acc/ola_layer_best_acc_snr_raw_p50_round_0190.png
plots/final_compare_mnist_noniid_unbalanced/fa_vs_ola/ola_characteristics/layer_best_acc/ola_layer_best_acc_snr_raw_p90_round_0190.png
plots/final_compare_mnist_noniid_unbalanced/fa_vs_ola/ola_characteristics/layer_best_ece/ola_layer_best_ece_sigma_mean_round_0130.png
plots/final_compare_mnist_noniid_unbalanced/fa_vs_ola/ola_characteristics/layer_best_ece/ola_layer_best_ece_precision_mean_round_0130.png
plots/final_compare_mnist_noniid_unbalanced/fa_vs_ola/ola_characteristics/layer_best_ece/ola_layer_best_ece_snr_raw_p50_round_0130.png
plots/final_compare_mnist_noniid_unbalanced/fa_vs_ola/ola_characteristics/layer_best_ece/ola_layer_best_ece_snr_raw_p90_round_0130.png
plots/final_compare_mnist_noniid_unbalanced/fa_vs_ola/ola_characteristics/client_final/ola_client_final_task_loss_round_0200.png
plots/final_compare_mnist_noniid_unbalanced/fa_vs_ola/ola_characteristics/client_final/ola_client_final_prior_loss_round_0200.png
plots/final_compare_mnist_noniid_unbalanced/fa_vs_ola/ola_characteristics/client_final/ola_client_final_update_l2_norm_round_0200.png
plots/final_compare_mnist_noniid_unbalanced/fa_vs_ola/ola_characteristics/client_final/ola_client_final_ola_fisher_mean_round_0200.png
plots/final_compare_mnist_noniid_unbalanced/fa_vs_ola/ola_characteristics/client_final/ola_client_final_ola_precision_mean_round_0200.png
plots/final_compare_mnist_noniid_unbalanced/fa_vs_ola/ola_characteristics/client_final/ola_client_final_ola_sigma_mean_round_0200.png
plots/final_compare_mnist_noniid_unbalanced/fa_vs_ola/ola_characteristics/client_final/ola_client_final_ola_snr_raw_p50_round_0200.png
plots/final_compare_mnist_noniid_unbalanced/fa_vs_ola/ola_characteristics/client_best_acc/ola_client_best_acc_task_loss_round_0188.png
plots/final_compare_mnist_noniid_unbalanced/fa_vs_ola/ola_characteristics/client_best_acc/ola_client_best_acc_prior_loss_round_0188.png
plots/final_compare_mnist_noniid_unbalanced/fa_vs_ola/ola_characteristics/client_best_acc/ola_client_best_acc_update_l2_norm_round_0188.png
plots/final_compare_mnist_noniid_unbalanced/fa_vs_ola/ola_characteristics/client_best_acc/ola_client_best_acc_ola_fisher_mean_round_0188.png
plots/final_compare_mnist_noniid_unbalanced/fa_vs_ola/ola_characteristics/client_best_acc/ola_client_best_acc_ola_precision_mean_round_0188.png
plots/final_compare_mnist_noniid_unbalanced/fa_vs_ola/ola_characteristics/client_best_acc/ola_client_best_acc_ola_sigma_mean_round_0188.png
plots/final_compare_mnist_noniid_unbalanced/fa_vs_ola/ola_characteristics/client_best_acc/ola_client_best_acc_ola_snr_raw_p50_round_0188.png
===== Selected-client plots =====
plots/final_compare_mnist_noniid_unbalanced/fa_vs_ola/selection_fedavg/selected_clients_round.png
plots/final_compare_mnist_noniid_unbalanced/fa_vs_ola/selection_ola/selected_clients_round.png
===== Device radar plot, same for both methods =====
plots/final_compare_mnist_noniid_unbalanced/fa_vs_ola/device_distribution/device_distribution_radar.png
===== Calibration plots: final round =====
plots/final_compare_mnist_noniid_unbalanced/fa_vs_ola/calibration_fedavg_final/calibration_round_0200_global_test.png
plots/final_compare_mnist_noniid_unbalanced/fa_vs_ola/calibration_ola_final/calibration_round_0200_global_test.png
===== Calibration plots: best accuracy round =====
plots/final_compare_mnist_noniid_unbalanced/fa_vs_ola/calibration_fedavg_best_acc/calibration_round_0183_global_test.png
plots/final_compare_mnist_noniid_unbalanced/fa_vs_ola/calibration_ola_best_acc/calibration_round_0188_global_test.png
===== Calibration plots: best ECE round =====
plots/final_compare_mnist_noniid_unbalanced/fa_vs_ola/calibration_fedavg_best_ece/calibration_round_0129_global_test.png
plots/final_compare_mnist_noniid_unbalanced/fa_vs_ola/calibration_ola_best_ece/calibration_round_0129_global_test.png
===== OLA SNR density/CDF plots =====
plots/final_compare_mnist_noniid_unbalanced/fa_vs_ola/snr_ola_final/snr_density_round_0200_all_db.png
plots/final_compare_mnist_noniid_unbalanced/fa_vs_ola/snr_ola_final/snr_cdf_round_0200_all_db.png
[info] SNR round 188 not available in outputs/final_compare_mnist_noniid_unbalanced/ola_seed42/snr_histograms.csv; using nearest available round 190. Available rounds: [0, 10, 20, 30, 40]...[160, 170, 180, 190, 200]
plots/final_compare_mnist_noniid_unbalanced/fa_vs_ola/snr_ola_best_acc/snr_density_round_0190_all_db.png
plots/final_compare_mnist_noniid_unbalanced/fa_vs_ola/snr_ola_best_acc/snr_cdf_round_0190_all_db.png
===== FA vs OLA plot generation finished =====
plots/final_compare_mnist_noniid_unbalanced/fa_vs_ola/bayesian_posterior/mix_ola_fisher_mean_round.png
plots/final_compare_mnist_noniid_unbalanced/fa_vs_ola/bayesian_posterior/mix_ola_precision_mean_round.png
plots/final_compare_mnist_noniid_unbalanced/fa_vs_ola/bayesian_posterior/mix_ola_prior_loss_mean_round.png
plots/final_compare_mnist_noniid_unbalanced/fa_vs_ola/bayesian_posterior/mix_ola_sigma_mean_round.png
plots/final_compare_mnist_noniid_unbalanced/fa_vs_ola/bayesian_posterior/mix_ola_task_loss_mean_round.png
plots/final_compare_mnist_noniid_unbalanced/fa_vs_ola/bayesian_posterior/mix_posterior_precision_mean_round.png
plots/final_compare_mnist_noniid_unbalanced/fa_vs_ola/bayesian_posterior/mix_posterior_precision_p50_round.png
plots/final_compare_mnist_noniid_unbalanced/fa_vs_ola/bayesian_posterior/mix_posterior_precision_p90_round.png
plots/final_compare_mnist_noniid_unbalanced/fa_vs_ola/bayesian_posterior/mix_posterior_sigma_mean_round.png
plots/final_compare_mnist_noniid_unbalanced/fa_vs_ola/bayesian_posterior/mix_posterior_sigma_p50_round.png
plots/final_compare_mnist_noniid_unbalanced/fa_vs_ola/bayesian_posterior/mix_posterior_sigma_p90_round.png
plots/final_compare_mnist_noniid_unbalanced/fa_vs_ola/bayesian_posterior/mix_posterior_snr_db_mean_round.png
plots/final_compare_mnist_noniid_unbalanced/fa_vs_ola/bayesian_posterior/mix_posterior_snr_db_p50_round.png
plots/final_compare_mnist_noniid_unbalanced/fa_vs_ola/bayesian_posterior/mix_posterior_snr_frac_gt_1_round.png
plots/final_compare_mnist_noniid_unbalanced/fa_vs_ola/bayesian_posterior/mix_posterior_snr_frac_lt_1_round.png
plots/final_compare_mnist_noniid_unbalanced/fa_vs_ola/bayesian_posterior/mix_posterior_snr_raw_mean_round.png
plots/final_compare_mnist_noniid_unbalanced/fa_vs_ola/bayesian_posterior/mix_posterior_snr_raw_p50_round.png
plots/final_compare_mnist_noniid_unbalanced/fa_vs_ola/bayesian_posterior/mix_posterior_snr_raw_p90_round.png
plots/final_compare_mnist_noniid_unbalanced/fa_vs_ola/calibration_fedavg_best_acc/calibration_round_0183_global_test.png
plots/final_compare_mnist_noniid_unbalanced/fa_vs_ola/calibration_fedavg_best_ece/calibration_round_0129_global_test.png
plots/final_compare_mnist_noniid_unbalanced/fa_vs_ola/calibration_fedavg_final/calibration_round_0200_global_test.png
plots/final_compare_mnist_noniid_unbalanced/fa_vs_ola/calibration_ola_best_acc/calibration_round_0188_global_test.png
plots/final_compare_mnist_noniid_unbalanced/fa_vs_ola/calibration_ola_best_ece/calibration_round_0129_global_test.png
plots/final_compare_mnist_noniid_unbalanced/fa_vs_ola/calibration_ola_final/calibration_round_0200_global_test.png
plots/final_compare_mnist_noniid_unbalanced/fa_vs_ola/device_distribution/device_distribution_radar.png
plots/final_compare_mnist_noniid_unbalanced/fa_vs_ola/fl_dynamics/mix_aggregation_delta_l2_round.png
plots/final_compare_mnist_noniid_unbalanced/fa_vs_ola/fl_dynamics/mix_aggregation_delta_linf_round.png
plots/final_compare_mnist_noniid_unbalanced/fa_vs_ola/fl_dynamics/mix_aggregation_weight_entropy_round.png
plots/final_compare_mnist_noniid_unbalanced/fa_vs_ola/fl_dynamics/mix_client_update_cosine_mean_round.png
plots/final_compare_mnist_noniid_unbalanced/fa_vs_ola/fl_dynamics/mix_client_update_l2_mean_round.png
plots/final_compare_mnist_noniid_unbalanced/fa_vs_ola/fl_dynamics/mix_client_update_l2_std_round.png
plots/final_compare_mnist_noniid_unbalanced/fa_vs_ola/fl_dynamics/mix_selected_count_round.png
plots/final_compare_mnist_noniid_unbalanced/fa_vs_ola/fl_dynamics/mix_selected_examples_round.png
plots/final_compare_mnist_noniid_unbalanced/fa_vs_ola/fl_dynamics/mix_selected_kl_to_global_label_mean_round.png
plots/final_compare_mnist_noniid_unbalanced/fa_vs_ola/fl_dynamics/mix_selected_label_entropy_mean_round.png
plots/final_compare_mnist_noniid_unbalanced/fa_vs_ola/ola_characteristics/client_best_acc/ola_client_best_acc_ola_fisher_mean_round_0188.png
plots/final_compare_mnist_noniid_unbalanced/fa_vs_ola/ola_characteristics/client_best_acc/ola_client_best_acc_ola_precision_mean_round_0188.png
plots/final_compare_mnist_noniid_unbalanced/fa_vs_ola/ola_characteristics/client_best_acc/ola_client_best_acc_ola_sigma_mean_round_0188.png
plots/final_compare_mnist_noniid_unbalanced/fa_vs_ola/ola_characteristics/client_best_acc/ola_client_best_acc_ola_snr_raw_p50_round_0188.png
plots/final_compare_mnist_noniid_unbalanced/fa_vs_ola/ola_characteristics/client_best_acc/ola_client_best_acc_prior_loss_round_0188.png
plots/final_compare_mnist_noniid_unbalanced/fa_vs_ola/ola_characteristics/client_best_acc/ola_client_best_acc_task_loss_round_0188.png
plots/final_compare_mnist_noniid_unbalanced/fa_vs_ola/ola_characteristics/client_best_acc/ola_client_best_acc_update_l2_norm_round_0188.png
plots/final_compare_mnist_noniid_unbalanced/fa_vs_ola/ola_characteristics/client_final/ola_client_final_ola_fisher_mean_round_0200.png
plots/final_compare_mnist_noniid_unbalanced/fa_vs_ola/ola_characteristics/client_final/ola_client_final_ola_precision_mean_round_0200.png
plots/final_compare_mnist_noniid_unbalanced/fa_vs_ola/ola_characteristics/client_final/ola_client_final_ola_sigma_mean_round_0200.png
plots/final_compare_mnist_noniid_unbalanced/fa_vs_ola/ola_characteristics/client_final/ola_client_final_ola_snr_raw_p50_round_0200.png
plots/final_compare_mnist_noniid_unbalanced/fa_vs_ola/ola_characteristics/client_final/ola_client_final_prior_loss_round_0200.png
plots/final_compare_mnist_noniid_unbalanced/fa_vs_ola/ola_characteristics/client_final/ola_client_final_task_loss_round_0200.png
plots/final_compare_mnist_noniid_unbalanced/fa_vs_ola/ola_characteristics/client_final/ola_client_final_update_l2_norm_round_0200.png
plots/final_compare_mnist_noniid_unbalanced/fa_vs_ola/ola_characteristics/layer_best_acc/ola_layer_best_acc_precision_mean_round_0190.png
plots/final_compare_mnist_noniid_unbalanced/fa_vs_ola/ola_characteristics/layer_best_acc/ola_layer_best_acc_sigma_mean_round_0190.png
plots/final_compare_mnist_noniid_unbalanced/fa_vs_ola/ola_characteristics/layer_best_acc/ola_layer_best_acc_snr_raw_p50_round_0190.png
plots/final_compare_mnist_noniid_unbalanced/fa_vs_ola/ola_characteristics/layer_best_acc/ola_layer_best_acc_snr_raw_p90_round_0190.png
plots/final_compare_mnist_noniid_unbalanced/fa_vs_ola/ola_characteristics/layer_best_ece/ola_layer_best_ece_precision_mean_round_0130.png
plots/final_compare_mnist_noniid_unbalanced/fa_vs_ola/ola_characteristics/layer_best_ece/ola_layer_best_ece_sigma_mean_round_0130.png
plots/final_compare_mnist_noniid_unbalanced/fa_vs_ola/ola_characteristics/layer_best_ece/ola_layer_best_ece_snr_raw_p50_round_0130.png
plots/final_compare_mnist_noniid_unbalanced/fa_vs_ola/ola_characteristics/layer_best_ece/ola_layer_best_ece_snr_raw_p90_round_0130.png
plots/final_compare_mnist_noniid_unbalanced/fa_vs_ola/ola_characteristics/layer_final/ola_layer_final_precision_mean_round_0200.png
plots/final_compare_mnist_noniid_unbalanced/fa_vs_ola/ola_characteristics/layer_final/ola_layer_final_sigma_mean_round_0200.png
plots/final_compare_mnist_noniid_unbalanced/fa_vs_ola/ola_characteristics/layer_final/ola_layer_final_snr_raw_p50_round_0200.png
plots/final_compare_mnist_noniid_unbalanced/fa_vs_ola/ola_characteristics/layer_final/ola_layer_final_snr_raw_p90_round_0200.png
plots/final_compare_mnist_noniid_unbalanced/fa_vs_ola/ola_characteristics/ola_calibration_confidence_entropy.png
plots/final_compare_mnist_noniid_unbalanced/fa_vs_ola/ola_characteristics/ola_fisher_precision.png
plots/final_compare_mnist_noniid_unbalanced/fa_vs_ola/ola_characteristics/ola_global_local_accuracy.png
plots/final_compare_mnist_noniid_unbalanced/fa_vs_ola/ola_characteristics/ola_local_global_accuracy_gap.png
plots/final_compare_mnist_noniid_unbalanced/fa_vs_ola/ola_characteristics/ola_loss_decomposition.png
plots/final_compare_mnist_noniid_unbalanced/fa_vs_ola/ola_characteristics/ola_mean_mc_accuracy_gap.png
plots/final_compare_mnist_noniid_unbalanced/fa_vs_ola/ola_characteristics/ola_mean_mc_loss_gap.png
plots/final_compare_mnist_noniid_unbalanced/fa_vs_ola/ola_characteristics/ola_mean_vs_mc_accuracy.png
plots/final_compare_mnist_noniid_unbalanced/fa_vs_ola/ola_characteristics/ola_mean_vs_mc_loss.png
plots/final_compare_mnist_noniid_unbalanced/fa_vs_ola/ola_characteristics/ola_prior_task_ratio.png
plots/final_compare_mnist_noniid_unbalanced/fa_vs_ola/ola_characteristics/ola_sigma_uncertainty.png
plots/final_compare_mnist_noniid_unbalanced/fa_vs_ola/ola_characteristics/ola_snr_summary.png
plots/final_compare_mnist_noniid_unbalanced/fa_vs_ola/ola_characteristics/ola_uncertainty_decomposition.png
plots/final_compare_mnist_noniid_unbalanced/fa_vs_ola/performance/mix_global_accuracy_round.png
plots/final_compare_mnist_noniid_unbalanced/fa_vs_ola/performance/mix_global_brier_round.png
plots/final_compare_mnist_noniid_unbalanced/fa_vs_ola/performance/mix_global_ece_round.png
plots/final_compare_mnist_noniid_unbalanced/fa_vs_ola/performance/mix_global_loss_round.png
plots/final_compare_mnist_noniid_unbalanced/fa_vs_ola/performance/mix_global_mc_accuracy_round.png
plots/final_compare_mnist_noniid_unbalanced/fa_vs_ola/performance/mix_global_mc_ece_round.png
plots/final_compare_mnist_noniid_unbalanced/fa_vs_ola/performance/mix_global_mc_loss_round.png
plots/final_compare_mnist_noniid_unbalanced/fa_vs_ola/performance/mix_global_mean_accuracy_round.png
plots/final_compare_mnist_noniid_unbalanced/fa_vs_ola/performance/mix_global_mean_confidence_round.png
plots/final_compare_mnist_noniid_unbalanced/fa_vs_ola/performance/mix_global_mean_ece_round.png
plots/final_compare_mnist_noniid_unbalanced/fa_vs_ola/performance/mix_global_mean_entropy_round.png
plots/final_compare_mnist_noniid_unbalanced/fa_vs_ola/performance/mix_global_mean_loss_round.png
plots/final_compare_mnist_noniid_unbalanced/fa_vs_ola/performance/mix_global_nll_round.png
plots/final_compare_mnist_noniid_unbalanced/fa_vs_ola/performance/mix_local_accuracy_weighted_round.png
plots/final_compare_mnist_noniid_unbalanced/fa_vs_ola/performance/mix_local_loss_weighted_round.png
plots/final_compare_mnist_noniid_unbalanced/fa_vs_ola/performance/mix_train_loss_round.png
plots/final_compare_mnist_noniid_unbalanced/fa_vs_ola/runtime/mix_aggregate_time_sec_round.png
plots/final_compare_mnist_noniid_unbalanced/fa_vs_ola/runtime/mix_eval_time_sec_round.png
plots/final_compare_mnist_noniid_unbalanced/fa_vs_ola/runtime/mix_fit_time_sec_round.png
plots/final_compare_mnist_noniid_unbalanced/fa_vs_ola/runtime/mix_round_time_sec_round.png
plots/final_compare_mnist_noniid_unbalanced/fa_vs_ola/selection_fedavg/selected_clients_round.png
plots/final_compare_mnist_noniid_unbalanced/fa_vs_ola/selection_ola/selected_clients_round.png
plots/final_compare_mnist_noniid_unbalanced/fa_vs_ola/snr_ola_best_acc/snr_cdf_round_0190_all_db.png
plots/final_compare_mnist_noniid_unbalanced/fa_vs_ola/snr_ola_best_acc/snr_density_round_0190_all_db.png
plots/final_compare_mnist_noniid_unbalanced/fa_vs_ola/snr_ola_final/snr_cdf_round_0200_all_db.png
plots/final_compare_mnist_noniid_unbalanced/fa_vs_ola/snr_ola_final/snr_density_round_0200_all_db.png
