nohup: ignoring input
[skip-missing] outputs/sparse_selection_ablation_mnist_noniid_unbalanced/ola_sparse_random_keep005_seed42
[skip-missing] outputs/sparse_selection_ablation_mnist_noniid_unbalanced/ola_sparse_random_keep002_seed42
plots/sparse_selection_ablation_mnist_noniid_unbalanced/sparse_ablation_summary.csv
plots/sparse_selection_ablation_mnist_noniid_unbalanced/ola_accuracy_vs_keep_ratio.png
plots/sparse_selection_ablation_mnist_noniid_unbalanced/vi_accuracy_vs_keep_ratio.png
plots/sparse_selection_ablation_mnist_noniid_unbalanced/ola_best_accuracy_vs_keep_ratio.png
plots/sparse_selection_ablation_mnist_noniid_unbalanced/vi_best_accuracy_vs_keep_ratio.png
plots/sparse_selection_ablation_mnist_noniid_unbalanced/ola_ece_vs_keep_ratio.png
plots/sparse_selection_ablation_mnist_noniid_unbalanced/vi_ece_vs_keep_ratio.png
plots/sparse_selection_ablation_mnist_noniid_unbalanced/ola_communication_saving_vs_keep_ratio.png
plots/sparse_selection_ablation_mnist_noniid_unbalanced/vi_communication_saving_vs_keep_ratio.png
plots/sparse_selection_ablation_mnist_noniid_unbalanced/ola_update_energy_retention_vs_keep_ratio.png
plots/sparse_selection_ablation_mnist_noniid_unbalanced/vi_update_energy_retention_vs_keep_ratio.png
plots/sparse_selection_ablation_mnist_noniid_unbalanced/ola_selected_dropped_score_gap_vs_keep_ratio.png
plots/sparse_selection_ablation_mnist_noniid_unbalanced/vi_selected_dropped_score_gap_vs_keep_ratio.png
plots/sparse_selection_ablation_mnist_noniid_unbalanced/ola_accuracy_vs_communication_cost.png
plots/sparse_selection_ablation_mnist_noniid_unbalanced/vi_accuracy_vs_communication_cost.png
===== Sparse-selection ablation plots generated =====
plots/sparse_selection_ablation_mnist_noniid_unbalanced/ola_accuracy_vs_communication_cost.png
plots/sparse_selection_ablation_mnist_noniid_unbalanced/ola_accuracy_vs_keep_ratio.png
plots/sparse_selection_ablation_mnist_noniid_unbalanced/ola_best_accuracy_vs_keep_ratio.png
plots/sparse_selection_ablation_mnist_noniid_unbalanced/ola_communication_saving_vs_keep_ratio.png
plots/sparse_selection_ablation_mnist_noniid_unbalanced/ola_ece_vs_keep_ratio.png
plots/sparse_selection_ablation_mnist_noniid_unbalanced/ola_selected_dropped_score_gap_vs_keep_ratio.png
plots/sparse_selection_ablation_mnist_noniid_unbalanced/ola_update_energy_retention_vs_keep_ratio.png
plots/sparse_selection_ablation_mnist_noniid_unbalanced/sparse_ablation_summary.csv
plots/sparse_selection_ablation_mnist_noniid_unbalanced/vi_accuracy_vs_communication_cost.png
plots/sparse_selection_ablation_mnist_noniid_unbalanced/vi_accuracy_vs_keep_ratio.png
plots/sparse_selection_ablation_mnist_noniid_unbalanced/vi_best_accuracy_vs_keep_ratio.png
plots/sparse_selection_ablation_mnist_noniid_unbalanced/vi_communication_saving_vs_keep_ratio.png
plots/sparse_selection_ablation_mnist_noniid_unbalanced/vi_ece_vs_keep_ratio.png
plots/sparse_selection_ablation_mnist_noniid_unbalanced/vi_selected_dropped_score_gap_vs_keep_ratio.png
plots/sparse_selection_ablation_mnist_noniid_unbalanced/vi_update_energy_retention_vs_keep_ratio.png
