nohup: ignoring input
===== FA vs VI: performance plots =====
plots/final_compare_mnist_noniid_unbalanced/fa_vs_vi/performance/mix_global_accuracy_round.png
plots/final_compare_mnist_noniid_unbalanced/fa_vs_vi/performance/mix_global_mean_accuracy_round.png
plots/final_compare_mnist_noniid_unbalanced/fa_vs_vi/performance/mix_global_mc_accuracy_round.png
plots/final_compare_mnist_noniid_unbalanced/fa_vs_vi/performance/mix_global_loss_round.png
plots/final_compare_mnist_noniid_unbalanced/fa_vs_vi/performance/mix_global_mean_loss_round.png
plots/final_compare_mnist_noniid_unbalanced/fa_vs_vi/performance/mix_global_mc_loss_round.png
plots/final_compare_mnist_noniid_unbalanced/fa_vs_vi/performance/mix_global_nll_round.png
plots/final_compare_mnist_noniid_unbalanced/fa_vs_vi/performance/mix_global_ece_round.png
plots/final_compare_mnist_noniid_unbalanced/fa_vs_vi/performance/mix_global_mean_ece_round.png
plots/final_compare_mnist_noniid_unbalanced/fa_vs_vi/performance/mix_global_mc_ece_round.png
plots/final_compare_mnist_noniid_unbalanced/fa_vs_vi/performance/mix_global_brier_round.png
plots/final_compare_mnist_noniid_unbalanced/fa_vs_vi/performance/mix_global_mean_confidence_round.png
plots/final_compare_mnist_noniid_unbalanced/fa_vs_vi/performance/mix_global_mean_entropy_round.png
plots/final_compare_mnist_noniid_unbalanced/fa_vs_vi/performance/mix_local_accuracy_weighted_round.png
plots/final_compare_mnist_noniid_unbalanced/fa_vs_vi/performance/mix_local_loss_weighted_round.png
plots/final_compare_mnist_noniid_unbalanced/fa_vs_vi/performance/mix_train_loss_round.png
===== FA vs VI: FL dynamics plots =====
plots/final_compare_mnist_noniid_unbalanced/fa_vs_vi/fl_dynamics/mix_selected_count_round.png
plots/final_compare_mnist_noniid_unbalanced/fa_vs_vi/fl_dynamics/mix_selected_examples_round.png
plots/final_compare_mnist_noniid_unbalanced/fa_vs_vi/fl_dynamics/mix_selected_label_entropy_mean_round.png
plots/final_compare_mnist_noniid_unbalanced/fa_vs_vi/fl_dynamics/mix_selected_kl_to_global_label_mean_round.png
plots/final_compare_mnist_noniid_unbalanced/fa_vs_vi/fl_dynamics/mix_client_update_l2_mean_round.png
plots/final_compare_mnist_noniid_unbalanced/fa_vs_vi/fl_dynamics/mix_client_update_l2_std_round.png
plots/final_compare_mnist_noniid_unbalanced/fa_vs_vi/fl_dynamics/mix_client_update_cosine_mean_round.png
plots/final_compare_mnist_noniid_unbalanced/fa_vs_vi/fl_dynamics/mix_aggregation_delta_l2_round.png
plots/final_compare_mnist_noniid_unbalanced/fa_vs_vi/fl_dynamics/mix_aggregation_delta_linf_round.png
plots/final_compare_mnist_noniid_unbalanced/fa_vs_vi/fl_dynamics/mix_aggregation_weight_entropy_round.png
===== FA vs VI: runtime plots =====
plots/final_compare_mnist_noniid_unbalanced/fa_vs_vi/runtime/mix_round_time_sec_round.png
plots/final_compare_mnist_noniid_unbalanced/fa_vs_vi/runtime/mix_fit_time_sec_round.png
plots/final_compare_mnist_noniid_unbalanced/fa_vs_vi/runtime/mix_aggregate_time_sec_round.png
plots/final_compare_mnist_noniid_unbalanced/fa_vs_vi/runtime/mix_eval_time_sec_round.png
===== VI Bayesian posterior plots with FedAvg reference where available =====
[skip] fedavg: no data for metric 'posterior_sigma_mean'
[skip] fedavg: no data for metric 'posterior_sigma_p50'
[skip] fedavg: no data for metric 'posterior_sigma_p90'
[skip] fedavg: no data for metric 'posterior_precision_mean'
[skip] fedavg: no data for metric 'posterior_precision_p50'
[skip] fedavg: no data for metric 'posterior_precision_p90'
[skip] fedavg: no data for metric 'posterior_snr_raw_mean'
[skip] fedavg: no data for metric 'posterior_snr_raw_p50'
[skip] fedavg: no data for metric 'posterior_snr_raw_p90'
[skip] fedavg: no data for metric 'posterior_snr_db_mean'
[skip] fedavg: no data for metric 'posterior_snr_db_p50'
[skip] fedavg: no data for metric 'posterior_snr_frac_lt_1'
[skip] fedavg: no data for metric 'posterior_snr_frac_gt_1'
[skip] fedavg: no data for metric 'vi_elbo_loss_mean'
[skip] fedavg: no data for metric 'vi_kl_loss_mean'
[skip] fedavg: no data for metric 'vi_likelihood_loss_mean'
[skip] vi: no data for metric 'vi_likelihood_loss_mean'
[skip] No runs contained usable data for metric 'vi_likelihood_loss_mean'
[skip] fedavg: no data for metric 'vi_scale_mean'
[skip] vi: no data for metric 'vi_scale_mean'
[skip] No runs contained usable data for metric 'vi_scale_mean'
[skip] fedavg: no data for metric 'vi_scale_p50'
[skip] vi: no data for metric 'vi_scale_p50'
[skip] No runs contained usable data for metric 'vi_scale_p50'
[skip] fedavg: no data for metric 'vi_scale_p90'
[skip] vi: no data for metric 'vi_scale_p90'
[skip] No runs contained usable data for metric 'vi_scale_p90'
plots/final_compare_mnist_noniid_unbalanced/fa_vs_vi/bayesian_posterior/mix_posterior_sigma_mean_round.png
plots/final_compare_mnist_noniid_unbalanced/fa_vs_vi/bayesian_posterior/mix_posterior_sigma_p50_round.png
plots/final_compare_mnist_noniid_unbalanced/fa_vs_vi/bayesian_posterior/mix_posterior_sigma_p90_round.png
plots/final_compare_mnist_noniid_unbalanced/fa_vs_vi/bayesian_posterior/mix_posterior_precision_mean_round.png
plots/final_compare_mnist_noniid_unbalanced/fa_vs_vi/bayesian_posterior/mix_posterior_precision_p50_round.png
plots/final_compare_mnist_noniid_unbalanced/fa_vs_vi/bayesian_posterior/mix_posterior_precision_p90_round.png
plots/final_compare_mnist_noniid_unbalanced/fa_vs_vi/bayesian_posterior/mix_posterior_snr_raw_mean_round.png
plots/final_compare_mnist_noniid_unbalanced/fa_vs_vi/bayesian_posterior/mix_posterior_snr_raw_p50_round.png
plots/final_compare_mnist_noniid_unbalanced/fa_vs_vi/bayesian_posterior/mix_posterior_snr_raw_p90_round.png
plots/final_compare_mnist_noniid_unbalanced/fa_vs_vi/bayesian_posterior/mix_posterior_snr_db_mean_round.png
plots/final_compare_mnist_noniid_unbalanced/fa_vs_vi/bayesian_posterior/mix_posterior_snr_db_p50_round.png
plots/final_compare_mnist_noniid_unbalanced/fa_vs_vi/bayesian_posterior/mix_posterior_snr_frac_lt_1_round.png
plots/final_compare_mnist_noniid_unbalanced/fa_vs_vi/bayesian_posterior/mix_posterior_snr_frac_gt_1_round.png
plots/final_compare_mnist_noniid_unbalanced/fa_vs_vi/bayesian_posterior/mix_vi_elbo_loss_mean_round.png
plots/final_compare_mnist_noniid_unbalanced/fa_vs_vi/bayesian_posterior/mix_vi_kl_loss_mean_round.png
===== VI-specific characteristics dashboard =====
[skip] characteristic metric not available: vi_likelihood_loss_mean
[skip] characteristic metric not available: vi_complexity_cost_mean
[skip] characteristic metric not available: vi_scale_mean
[skip] characteristic metric not available: vi_scale_p50
[skip] characteristic metric not available: vi_scale_p90
[skip] no data for computed series KL / likelihood
[skip] no computed characteristic data for vi_kl_likelihood_ratio.png
[info] posterior round 106 not available in outputs/final_compare_mnist_noniid_unbalanced/vi_seed42/posterior_summary.csv; using nearest saved round 105
[info] posterior round 106 not available in outputs/final_compare_mnist_noniid_unbalanced/vi_seed42/posterior_summary.csv; using nearest saved round 105
[info] posterior round 106 not available in outputs/final_compare_mnist_noniid_unbalanced/vi_seed42/posterior_summary.csv; using nearest saved round 105
[info] posterior round 106 not available in outputs/final_compare_mnist_noniid_unbalanced/vi_seed42/posterior_summary.csv; using nearest saved round 105
[info] posterior round 42 not available in outputs/final_compare_mnist_noniid_unbalanced/vi_seed42/posterior_summary.csv; using nearest saved round 40
[info] posterior round 42 not available in outputs/final_compare_mnist_noniid_unbalanced/vi_seed42/posterior_summary.csv; using nearest saved round 40
[info] posterior round 42 not available in outputs/final_compare_mnist_noniid_unbalanced/vi_seed42/posterior_summary.csv; using nearest saved round 40
[info] posterior round 42 not available in outputs/final_compare_mnist_noniid_unbalanced/vi_seed42/posterior_summary.csv; using nearest saved round 40
[skip] no client values for metric vi_likelihood_loss at round 200
[skip] no client values for metric vi_likelihood_loss at round 106
plots/final_compare_mnist_noniid_unbalanced/fa_vs_vi/vi_characteristics/vi_mean_vs_mc_accuracy.png
plots/final_compare_mnist_noniid_unbalanced/fa_vs_vi/vi_characteristics/vi_mean_vs_mc_loss.png
plots/final_compare_mnist_noniid_unbalanced/fa_vs_vi/vi_characteristics/vi_uncertainty_decomposition.png
plots/final_compare_mnist_noniid_unbalanced/fa_vs_vi/vi_characteristics/vi_elbo_decomposition.png
plots/final_compare_mnist_noniid_unbalanced/fa_vs_vi/vi_characteristics/vi_scale_uncertainty.png
plots/final_compare_mnist_noniid_unbalanced/fa_vs_vi/vi_characteristics/vi_snr_summary.png
plots/final_compare_mnist_noniid_unbalanced/fa_vs_vi/vi_characteristics/vi_global_local_accuracy.png
plots/final_compare_mnist_noniid_unbalanced/fa_vs_vi/vi_characteristics/vi_calibration_confidence_entropy.png
plots/final_compare_mnist_noniid_unbalanced/fa_vs_vi/vi_characteristics/vi_mean_mc_accuracy_gap.png
plots/final_compare_mnist_noniid_unbalanced/fa_vs_vi/vi_characteristics/vi_mean_mc_loss_gap.png
plots/final_compare_mnist_noniid_unbalanced/fa_vs_vi/vi_characteristics/vi_local_global_accuracy_gap.png
plots/final_compare_mnist_noniid_unbalanced/fa_vs_vi/vi_characteristics/layer_final/vi_layer_final_sigma_mean_round_0200.png
plots/final_compare_mnist_noniid_unbalanced/fa_vs_vi/vi_characteristics/layer_final/vi_layer_final_precision_mean_round_0200.png
plots/final_compare_mnist_noniid_unbalanced/fa_vs_vi/vi_characteristics/layer_final/vi_layer_final_snr_raw_p50_round_0200.png
plots/final_compare_mnist_noniid_unbalanced/fa_vs_vi/vi_characteristics/layer_final/vi_layer_final_snr_raw_p90_round_0200.png
plots/final_compare_mnist_noniid_unbalanced/fa_vs_vi/vi_characteristics/layer_best_acc/vi_layer_best_acc_sigma_mean_round_0105.png
plots/final_compare_mnist_noniid_unbalanced/fa_vs_vi/vi_characteristics/layer_best_acc/vi_layer_best_acc_precision_mean_round_0105.png
plots/final_compare_mnist_noniid_unbalanced/fa_vs_vi/vi_characteristics/layer_best_acc/vi_layer_best_acc_snr_raw_p50_round_0105.png
plots/final_compare_mnist_noniid_unbalanced/fa_vs_vi/vi_characteristics/layer_best_acc/vi_layer_best_acc_snr_raw_p90_round_0105.png
plots/final_compare_mnist_noniid_unbalanced/fa_vs_vi/vi_characteristics/layer_best_ece/vi_layer_best_ece_sigma_mean_round_0040.png
plots/final_compare_mnist_noniid_unbalanced/fa_vs_vi/vi_characteristics/layer_best_ece/vi_layer_best_ece_precision_mean_round_0040.png
plots/final_compare_mnist_noniid_unbalanced/fa_vs_vi/vi_characteristics/layer_best_ece/vi_layer_best_ece_snr_raw_p50_round_0040.png
plots/final_compare_mnist_noniid_unbalanced/fa_vs_vi/vi_characteristics/layer_best_ece/vi_layer_best_ece_snr_raw_p90_round_0040.png
plots/final_compare_mnist_noniid_unbalanced/fa_vs_vi/vi_characteristics/client_final/vi_client_final_train_loss_round_0200.png
plots/final_compare_mnist_noniid_unbalanced/fa_vs_vi/vi_characteristics/client_final/vi_client_final_update_l2_norm_round_0200.png
plots/final_compare_mnist_noniid_unbalanced/fa_vs_vi/vi_characteristics/client_final/vi_client_final_vi_elbo_loss_round_0200.png
plots/final_compare_mnist_noniid_unbalanced/fa_vs_vi/vi_characteristics/client_final/vi_client_final_vi_kl_loss_round_0200.png
plots/final_compare_mnist_noniid_unbalanced/fa_vs_vi/vi_characteristics/client_final/vi_client_final_vi_scale_mean_round_0200.png
plots/final_compare_mnist_noniid_unbalanced/fa_vs_vi/vi_characteristics/client_final/vi_client_final_vi_snr_raw_p50_round_0200.png
plots/final_compare_mnist_noniid_unbalanced/fa_vs_vi/vi_characteristics/client_best_acc/vi_client_best_acc_train_loss_round_0106.png
plots/final_compare_mnist_noniid_unbalanced/fa_vs_vi/vi_characteristics/client_best_acc/vi_client_best_acc_update_l2_norm_round_0106.png
plots/final_compare_mnist_noniid_unbalanced/fa_vs_vi/vi_characteristics/client_best_acc/vi_client_best_acc_vi_elbo_loss_round_0106.png
plots/final_compare_mnist_noniid_unbalanced/fa_vs_vi/vi_characteristics/client_best_acc/vi_client_best_acc_vi_kl_loss_round_0106.png
plots/final_compare_mnist_noniid_unbalanced/fa_vs_vi/vi_characteristics/client_best_acc/vi_client_best_acc_vi_scale_mean_round_0106.png
plots/final_compare_mnist_noniid_unbalanced/fa_vs_vi/vi_characteristics/client_best_acc/vi_client_best_acc_vi_snr_raw_p50_round_0106.png
===== Selected-client plots =====
plots/final_compare_mnist_noniid_unbalanced/fa_vs_vi/selection_fedavg/selected_clients_round.png
plots/final_compare_mnist_noniid_unbalanced/fa_vs_vi/selection_vi/selected_clients_round.png
===== Device radar plot, same for both methods =====
plots/final_compare_mnist_noniid_unbalanced/fa_vs_vi/device_distribution/device_distribution_radar.png
===== Calibration plots: final round =====
plots/final_compare_mnist_noniid_unbalanced/fa_vs_vi/calibration_fedavg_final/calibration_round_0200_global_test.png
plots/final_compare_mnist_noniid_unbalanced/fa_vs_vi/calibration_vi_final/calibration_round_0200_global_test.png
===== Calibration plots: best accuracy round =====
plots/final_compare_mnist_noniid_unbalanced/fa_vs_vi/calibration_fedavg_best_acc/calibration_round_0183_global_test.png
plots/final_compare_mnist_noniid_unbalanced/fa_vs_vi/calibration_vi_best_acc/calibration_round_0106_global_test.png
===== Calibration plots: best ECE round =====
plots/final_compare_mnist_noniid_unbalanced/fa_vs_vi/calibration_fedavg_best_ece/calibration_round_0129_global_test.png
plots/final_compare_mnist_noniid_unbalanced/fa_vs_vi/calibration_vi_best_ece/calibration_round_0042_global_test.png
===== VI SNR density/CDF plots =====
plots/final_compare_mnist_noniid_unbalanced/fa_vs_vi/snr_vi_final/snr_density_round_0200_all_db.png
plots/final_compare_mnist_noniid_unbalanced/fa_vs_vi/snr_vi_final/snr_cdf_round_0200_all_db.png
[info] SNR round 106 not available in outputs/final_compare_mnist_noniid_unbalanced/vi_seed42/snr_histograms.csv; using nearest available round 105. Available rounds: [0, 5, 10, 15, 20]...[180, 185, 190, 195, 200]
plots/final_compare_mnist_noniid_unbalanced/fa_vs_vi/snr_vi_best_acc/snr_density_round_0105_all_db.png
plots/final_compare_mnist_noniid_unbalanced/fa_vs_vi/snr_vi_best_acc/snr_cdf_round_0105_all_db.png
[info] SNR round 42 not available in outputs/final_compare_mnist_noniid_unbalanced/vi_seed42/snr_histograms.csv; using nearest available round 40. Available rounds: [0, 5, 10, 15, 20]...[180, 185, 190, 195, 200]
plots/final_compare_mnist_noniid_unbalanced/fa_vs_vi/snr_vi_best_ece/snr_density_round_0040_all_db.png
plots/final_compare_mnist_noniid_unbalanced/fa_vs_vi/snr_vi_best_ece/snr_cdf_round_0040_all_db.png
===== FA vs VI plot generation finished =====
plots/final_compare_mnist_noniid_unbalanced/fa_vs_vi/bayesian_posterior/mix_posterior_precision_mean_round.png
plots/final_compare_mnist_noniid_unbalanced/fa_vs_vi/bayesian_posterior/mix_posterior_precision_p50_round.png
plots/final_compare_mnist_noniid_unbalanced/fa_vs_vi/bayesian_posterior/mix_posterior_precision_p90_round.png
plots/final_compare_mnist_noniid_unbalanced/fa_vs_vi/bayesian_posterior/mix_posterior_sigma_mean_round.png
plots/final_compare_mnist_noniid_unbalanced/fa_vs_vi/bayesian_posterior/mix_posterior_sigma_p50_round.png
plots/final_compare_mnist_noniid_unbalanced/fa_vs_vi/bayesian_posterior/mix_posterior_sigma_p90_round.png
plots/final_compare_mnist_noniid_unbalanced/fa_vs_vi/bayesian_posterior/mix_posterior_snr_db_mean_round.png
plots/final_compare_mnist_noniid_unbalanced/fa_vs_vi/bayesian_posterior/mix_posterior_snr_db_p50_round.png
plots/final_compare_mnist_noniid_unbalanced/fa_vs_vi/bayesian_posterior/mix_posterior_snr_frac_gt_1_round.png
plots/final_compare_mnist_noniid_unbalanced/fa_vs_vi/bayesian_posterior/mix_posterior_snr_frac_lt_1_round.png
plots/final_compare_mnist_noniid_unbalanced/fa_vs_vi/bayesian_posterior/mix_posterior_snr_raw_mean_round.png
plots/final_compare_mnist_noniid_unbalanced/fa_vs_vi/bayesian_posterior/mix_posterior_snr_raw_p50_round.png
plots/final_compare_mnist_noniid_unbalanced/fa_vs_vi/bayesian_posterior/mix_posterior_snr_raw_p90_round.png
plots/final_compare_mnist_noniid_unbalanced/fa_vs_vi/bayesian_posterior/mix_vi_elbo_loss_mean_round.png
plots/final_compare_mnist_noniid_unbalanced/fa_vs_vi/bayesian_posterior/mix_vi_kl_loss_mean_round.png
plots/final_compare_mnist_noniid_unbalanced/fa_vs_vi/calibration_fedavg_best_acc/calibration_round_0183_global_test.png
plots/final_compare_mnist_noniid_unbalanced/fa_vs_vi/calibration_fedavg_best_ece/calibration_round_0129_global_test.png
plots/final_compare_mnist_noniid_unbalanced/fa_vs_vi/calibration_fedavg_final/calibration_round_0200_global_test.png
plots/final_compare_mnist_noniid_unbalanced/fa_vs_vi/calibration_vi_best_acc/calibration_round_0106_global_test.png
plots/final_compare_mnist_noniid_unbalanced/fa_vs_vi/calibration_vi_best_ece/calibration_round_0042_global_test.png
plots/final_compare_mnist_noniid_unbalanced/fa_vs_vi/calibration_vi_final/calibration_round_0200_global_test.png
plots/final_compare_mnist_noniid_unbalanced/fa_vs_vi/device_distribution/device_distribution_radar.png
plots/final_compare_mnist_noniid_unbalanced/fa_vs_vi/fl_dynamics/mix_aggregation_delta_l2_round.png
plots/final_compare_mnist_noniid_unbalanced/fa_vs_vi/fl_dynamics/mix_aggregation_delta_linf_round.png
plots/final_compare_mnist_noniid_unbalanced/fa_vs_vi/fl_dynamics/mix_aggregation_weight_entropy_round.png
plots/final_compare_mnist_noniid_unbalanced/fa_vs_vi/fl_dynamics/mix_client_update_cosine_mean_round.png
plots/final_compare_mnist_noniid_unbalanced/fa_vs_vi/fl_dynamics/mix_client_update_l2_mean_round.png
plots/final_compare_mnist_noniid_unbalanced/fa_vs_vi/fl_dynamics/mix_client_update_l2_std_round.png
plots/final_compare_mnist_noniid_unbalanced/fa_vs_vi/fl_dynamics/mix_selected_count_round.png
plots/final_compare_mnist_noniid_unbalanced/fa_vs_vi/fl_dynamics/mix_selected_examples_round.png
plots/final_compare_mnist_noniid_unbalanced/fa_vs_vi/fl_dynamics/mix_selected_kl_to_global_label_mean_round.png
plots/final_compare_mnist_noniid_unbalanced/fa_vs_vi/fl_dynamics/mix_selected_label_entropy_mean_round.png
plots/final_compare_mnist_noniid_unbalanced/fa_vs_vi/performance/mix_global_accuracy_round.png
plots/final_compare_mnist_noniid_unbalanced/fa_vs_vi/performance/mix_global_brier_round.png
plots/final_compare_mnist_noniid_unbalanced/fa_vs_vi/performance/mix_global_ece_round.png
plots/final_compare_mnist_noniid_unbalanced/fa_vs_vi/performance/mix_global_loss_round.png
plots/final_compare_mnist_noniid_unbalanced/fa_vs_vi/performance/mix_global_mc_accuracy_round.png
plots/final_compare_mnist_noniid_unbalanced/fa_vs_vi/performance/mix_global_mc_ece_round.png
plots/final_compare_mnist_noniid_unbalanced/fa_vs_vi/performance/mix_global_mc_loss_round.png
plots/final_compare_mnist_noniid_unbalanced/fa_vs_vi/performance/mix_global_mean_accuracy_round.png
plots/final_compare_mnist_noniid_unbalanced/fa_vs_vi/performance/mix_global_mean_confidence_round.png
plots/final_compare_mnist_noniid_unbalanced/fa_vs_vi/performance/mix_global_mean_ece_round.png
plots/final_compare_mnist_noniid_unbalanced/fa_vs_vi/performance/mix_global_mean_entropy_round.png
plots/final_compare_mnist_noniid_unbalanced/fa_vs_vi/performance/mix_global_mean_loss_round.png
plots/final_compare_mnist_noniid_unbalanced/fa_vs_vi/performance/mix_global_nll_round.png
plots/final_compare_mnist_noniid_unbalanced/fa_vs_vi/performance/mix_local_accuracy_weighted_round.png
plots/final_compare_mnist_noniid_unbalanced/fa_vs_vi/performance/mix_local_loss_weighted_round.png
plots/final_compare_mnist_noniid_unbalanced/fa_vs_vi/performance/mix_train_loss_round.png
plots/final_compare_mnist_noniid_unbalanced/fa_vs_vi/runtime/mix_aggregate_time_sec_round.png
plots/final_compare_mnist_noniid_unbalanced/fa_vs_vi/runtime/mix_eval_time_sec_round.png
plots/final_compare_mnist_noniid_unbalanced/fa_vs_vi/runtime/mix_fit_time_sec_round.png
plots/final_compare_mnist_noniid_unbalanced/fa_vs_vi/runtime/mix_round_time_sec_round.png
plots/final_compare_mnist_noniid_unbalanced/fa_vs_vi/selection_fedavg/selected_clients_round.png
plots/final_compare_mnist_noniid_unbalanced/fa_vs_vi/selection_vi/selected_clients_round.png
plots/final_compare_mnist_noniid_unbalanced/fa_vs_vi/snr_vi_best_acc/snr_cdf_round_0105_all_db.png
plots/final_compare_mnist_noniid_unbalanced/fa_vs_vi/snr_vi_best_acc/snr_density_round_0105_all_db.png
plots/final_compare_mnist_noniid_unbalanced/fa_vs_vi/snr_vi_best_ece/snr_cdf_round_0040_all_db.png
plots/final_compare_mnist_noniid_unbalanced/fa_vs_vi/snr_vi_best_ece/snr_density_round_0040_all_db.png
plots/final_compare_mnist_noniid_unbalanced/fa_vs_vi/snr_vi_final/snr_cdf_round_0200_all_db.png
plots/final_compare_mnist_noniid_unbalanced/fa_vs_vi/snr_vi_final/snr_density_round_0200_all_db.png
plots/final_compare_mnist_noniid_unbalanced/fa_vs_vi/vi_characteristics/client_best_acc/vi_client_best_acc_train_loss_round_0106.png
plots/final_compare_mnist_noniid_unbalanced/fa_vs_vi/vi_characteristics/client_best_acc/vi_client_best_acc_update_l2_norm_round_0106.png
plots/final_compare_mnist_noniid_unbalanced/fa_vs_vi/vi_characteristics/client_best_acc/vi_client_best_acc_vi_elbo_loss_round_0106.png
plots/final_compare_mnist_noniid_unbalanced/fa_vs_vi/vi_characteristics/client_best_acc/vi_client_best_acc_vi_kl_loss_round_0106.png
plots/final_compare_mnist_noniid_unbalanced/fa_vs_vi/vi_characteristics/client_best_acc/vi_client_best_acc_vi_scale_mean_round_0106.png
plots/final_compare_mnist_noniid_unbalanced/fa_vs_vi/vi_characteristics/client_best_acc/vi_client_best_acc_vi_snr_raw_p50_round_0106.png
plots/final_compare_mnist_noniid_unbalanced/fa_vs_vi/vi_characteristics/client_final/vi_client_final_train_loss_round_0200.png
plots/final_compare_mnist_noniid_unbalanced/fa_vs_vi/vi_characteristics/client_final/vi_client_final_update_l2_norm_round_0200.png
plots/final_compare_mnist_noniid_unbalanced/fa_vs_vi/vi_characteristics/client_final/vi_client_final_vi_elbo_loss_round_0200.png
plots/final_compare_mnist_noniid_unbalanced/fa_vs_vi/vi_characteristics/client_final/vi_client_final_vi_kl_loss_round_0200.png
plots/final_compare_mnist_noniid_unbalanced/fa_vs_vi/vi_characteristics/client_final/vi_client_final_vi_scale_mean_round_0200.png
plots/final_compare_mnist_noniid_unbalanced/fa_vs_vi/vi_characteristics/client_final/vi_client_final_vi_snr_raw_p50_round_0200.png
plots/final_compare_mnist_noniid_unbalanced/fa_vs_vi/vi_characteristics/layer_best_acc/vi_layer_best_acc_precision_mean_round_0105.png
plots/final_compare_mnist_noniid_unbalanced/fa_vs_vi/vi_characteristics/layer_best_acc/vi_layer_best_acc_sigma_mean_round_0105.png
plots/final_compare_mnist_noniid_unbalanced/fa_vs_vi/vi_characteristics/layer_best_acc/vi_layer_best_acc_snr_raw_p50_round_0105.png
plots/final_compare_mnist_noniid_unbalanced/fa_vs_vi/vi_characteristics/layer_best_acc/vi_layer_best_acc_snr_raw_p90_round_0105.png
plots/final_compare_mnist_noniid_unbalanced/fa_vs_vi/vi_characteristics/layer_best_ece/vi_layer_best_ece_precision_mean_round_0040.png
plots/final_compare_mnist_noniid_unbalanced/fa_vs_vi/vi_characteristics/layer_best_ece/vi_layer_best_ece_sigma_mean_round_0040.png
plots/final_compare_mnist_noniid_unbalanced/fa_vs_vi/vi_characteristics/layer_best_ece/vi_layer_best_ece_snr_raw_p50_round_0040.png
plots/final_compare_mnist_noniid_unbalanced/fa_vs_vi/vi_characteristics/layer_best_ece/vi_layer_best_ece_snr_raw_p90_round_0040.png
plots/final_compare_mnist_noniid_unbalanced/fa_vs_vi/vi_characteristics/layer_final/vi_layer_final_precision_mean_round_0200.png
plots/final_compare_mnist_noniid_unbalanced/fa_vs_vi/vi_characteristics/layer_final/vi_layer_final_sigma_mean_round_0200.png
plots/final_compare_mnist_noniid_unbalanced/fa_vs_vi/vi_characteristics/layer_final/vi_layer_final_snr_raw_p50_round_0200.png
plots/final_compare_mnist_noniid_unbalanced/fa_vs_vi/vi_characteristics/layer_final/vi_layer_final_snr_raw_p90_round_0200.png
plots/final_compare_mnist_noniid_unbalanced/fa_vs_vi/vi_characteristics/vi_calibration_confidence_entropy.png
plots/final_compare_mnist_noniid_unbalanced/fa_vs_vi/vi_characteristics/vi_elbo_decomposition.png
plots/final_compare_mnist_noniid_unbalanced/fa_vs_vi/vi_characteristics/vi_global_local_accuracy.png
plots/final_compare_mnist_noniid_unbalanced/fa_vs_vi/vi_characteristics/vi_local_global_accuracy_gap.png
plots/final_compare_mnist_noniid_unbalanced/fa_vs_vi/vi_characteristics/vi_mean_mc_accuracy_gap.png
plots/final_compare_mnist_noniid_unbalanced/fa_vs_vi/vi_characteristics/vi_mean_mc_loss_gap.png
plots/final_compare_mnist_noniid_unbalanced/fa_vs_vi/vi_characteristics/vi_mean_vs_mc_accuracy.png
plots/final_compare_mnist_noniid_unbalanced/fa_vs_vi/vi_characteristics/vi_mean_vs_mc_loss.png
plots/final_compare_mnist_noniid_unbalanced/fa_vs_vi/vi_characteristics/vi_scale_uncertainty.png
plots/final_compare_mnist_noniid_unbalanced/fa_vs_vi/vi_characteristics/vi_snr_summary.png
plots/final_compare_mnist_noniid_unbalanced/fa_vs_vi/vi_characteristics/vi_uncertainty_decomposition.png
