nohup: ignoring input
===== Mixed plots: all methods =====
[skip] fedavg: no data for metric 'posterior_sigma_mean'
[skip] fedavg: no data for metric 'posterior_snr_raw_p50'
plots/smoke_mix/mix_global_accuracy_round.png
plots/smoke_mix/mix_global_loss_round.png
plots/smoke_mix/mix_global_ece_round.png
plots/smoke_mix/mix_train_loss_round.png
plots/smoke_mix/mix_posterior_sigma_mean_round.png
plots/smoke_mix/mix_posterior_snr_raw_p50_round.png
===== Single metric plots =====
plots/smoke_fedavg/global_accuracy_round.png
plots/smoke_ola/global_accuracy_round.png
plots/smoke_vi/global_accuracy_round.png
===== Selected-client plots =====
plots/smoke_fedavg/selected_clients_round.png
plots/smoke_ola/selected_clients_round.png
plots/smoke_vi/selected_clients_round.png
===== Device radar plot =====
plots/smoke_ola/device_distribution_radar.png
===== Calibration plots =====
plots/smoke_fedavg/calibration_round_0003_global_test.png
plots/smoke_ola/calibration_round_0003_global_test.png
plots/smoke_vi/calibration_round_0003_global_test.png
===== Bayesian SNR plots =====
plots/smoke_ola/snr_density_round_0003_all_db.png
plots/smoke_ola/snr_cdf_round_0003_all_db.png
plots/smoke_vi/snr_density_round_0003_all_db.png
plots/smoke_vi/snr_cdf_round_0003_all_db.png
===== Plot tests finished =====
plots/compare_methods/mix_accuracy_round.png
plots/compare_methods/mix_loss_round.png
plots/ola_cifar10_noniid/accuracy_round.png
plots/ola_cifar10_noniid/device_distribution_radar.png
plots/ola_cifar10_noniid/loss_round.png
plots/ola_cifar10_noniid/selected_clients_round.png
plots/smoke_fedavg/calibration_round_0003_global_test.png
plots/smoke_fedavg/global_accuracy_round.png
plots/smoke_fedavg/selected_clients_round.png
plots/smoke_mix/mix_global_accuracy_round.png
plots/smoke_mix/mix_global_ece_round.png
plots/smoke_mix/mix_global_loss_round.png
plots/smoke_mix/mix_posterior_sigma_mean_round.png
plots/smoke_mix/mix_posterior_snr_raw_p50_round.png
plots/smoke_mix/mix_train_loss_round.png
plots/smoke_ola/calibration_round_0003_global_test.png
plots/smoke_ola/device_distribution_radar.png
plots/smoke_ola/global_accuracy_round.png
plots/smoke_ola/selected_clients_round.png
plots/smoke_ola/snr_cdf_round_0003_all_db.png
plots/smoke_ola/snr_density_round_0003_all_db.png
plots/smoke_vi/calibration_round_0003_global_test.png
plots/smoke_vi/global_accuracy_round.png
plots/smoke_vi/selected_clients_round.png
plots/smoke_vi/snr_cdf_round_0003_all_db.png
plots/smoke_vi/snr_density_round_0003_all_db.png
