===== Replace FA vs VI plots using stabilized VI result =====
FedAvg run: outputs/final_compare_mnist_noniid_unbalanced/fedavg_seed42
VI run:     outputs/vi_mnist_stabilized_decay_seed42
Plot out:   plots/final_compare_mnist_noniid_unbalanced/fa_vs_vi
Backing up old plot folder to: plots/final_compare_mnist_noniid_unbalanced/fa_vs_vi_backup_before_vi_decay_20260713_134635
FedAvg final round:    200
FedAvg best acc round: 183
FedAvg best ECE round: 129
VI final round:        200
VI best acc round:     142
VI best ECE round:     42
===== FA vs VI: performance plots =====
plots/final_compare_mnist_noniid_unbalanced/fa_vs_vi/performance/mix_global_accuracy_round.png
plots/final_compare_mnist_noniid_unbalanced/fa_vs_vi/performance/mix_global_mean_accuracy_round.png
plots/final_compare_mnist_noniid_unbalanced/fa_vs_vi/performance/mix_global_mc_accuracy_round.png
plots/final_compare_mnist_noniid_unbalanced/fa_vs_vi/performance/mix_global_loss_round.png
plots/final_compare_mnist_noniid_unbalanced/fa_vs_vi/performance/mix_global_mean_loss_round.png
plots/final_compare_mnist_noniid_unbalanced/fa_vs_vi/performance/mix_global_mc_loss_round.png
plots/final_compare_mnist_noniid_unbalanced/fa_vs_vi/performance/mix_global_nll_round.png
plots/final_compare_mnist_noniid_unbalanced/fa_vs_vi/performance/mix_global_ece_round.png
plots/final_compare_mnist_noniid_unbalanced/fa_vs_vi/performance/mix_global_mean_ece_round.png
plots/final_compare_mnist_noniid_unbalanced/fa_vs_vi/performance/mix_global_mc_ece_round.png
plots/final_compare_mnist_noniid_unbalanced/fa_vs_vi/performance/mix_global_brier_round.png
plots/final_compare_mnist_noniid_unbalanced/fa_vs_vi/performance/mix_global_mean_confidence_round.png
plots/final_compare_mnist_noniid_unbalanced/fa_vs_vi/performance/mix_global_mean_entropy_round.png
plots/final_compare_mnist_noniid_unbalanced/fa_vs_vi/performance/mix_local_accuracy_weighted_round.png
plots/final_compare_mnist_noniid_unbalanced/fa_vs_vi/performance/mix_local_loss_weighted_round.png
plots/final_compare_mnist_noniid_unbalanced/fa_vs_vi/performance/mix_train_loss_round.png
===== FA vs VI: FL dynamics plots =====
plots/final_compare_mnist_noniid_unbalanced/fa_vs_vi/fl_dynamics/mix_selected_count_round.png
plots/final_compare_mnist_noniid_unbalanced/fa_vs_vi/fl_dynamics/mix_selected_examples_round.png
plots/final_compare_mnist_noniid_unbalanced/fa_vs_vi/fl_dynamics/mix_selected_label_entropy_mean_round.png
plots/final_compare_mnist_noniid_unbalanced/fa_vs_vi/fl_dynamics/mix_selected_kl_to_global_label_mean_round.png
plots/final_compare_mnist_noniid_unbalanced/fa_vs_vi/fl_dynamics/mix_client_update_l2_mean_round.png
plots/final_compare_mnist_noniid_unbalanced/fa_vs_vi/fl_dynamics/mix_client_update_l2_std_round.png
plots/final_compare_mnist_noniid_unbalanced/fa_vs_vi/fl_dynamics/mix_client_update_cosine_mean_round.png
plots/final_compare_mnist_noniid_unbalanced/fa_vs_vi/fl_dynamics/mix_aggregation_delta_l2_round.png
plots/final_compare_mnist_noniid_unbalanced/fa_vs_vi/fl_dynamics/mix_aggregation_delta_linf_round.png
plots/final_compare_mnist_noniid_unbalanced/fa_vs_vi/fl_dynamics/mix_aggregation_weight_entropy_round.png
===== FA vs VI: runtime plots =====
plots/final_compare_mnist_noniid_unbalanced/fa_vs_vi/runtime/mix_round_time_sec_round.png
plots/final_compare_mnist_noniid_unbalanced/fa_vs_vi/runtime/mix_fit_time_sec_round.png
plots/final_compare_mnist_noniid_unbalanced/fa_vs_vi/runtime/mix_aggregate_time_sec_round.png
plots/final_compare_mnist_noniid_unbalanced/fa_vs_vi/runtime/mix_eval_time_sec_round.png
===== VI Bayesian posterior plots =====
[skip] fedavg: no data for metric 'posterior_sigma_mean'
[skip] fedavg: no data for metric 'posterior_sigma_p50'
[skip] fedavg: no data for metric 'posterior_sigma_p90'
[skip] fedavg: no data for metric 'posterior_precision_mean'
[skip] fedavg: no data for metric 'posterior_precision_p50'
[skip] fedavg: no data for metric 'posterior_precision_p90'
[skip] fedavg: no data for metric 'posterior_snr_raw_mean'
[skip] fedavg: no data for metric 'posterior_snr_raw_p50'
[skip] fedavg: no data for metric 'posterior_snr_raw_p90'
[skip] fedavg: no data for metric 'posterior_snr_db_mean'
[skip] fedavg: no data for metric 'posterior_snr_db_p50'
[skip] fedavg: no data for metric 'posterior_snr_frac_lt_1'
[skip] fedavg: no data for metric 'posterior_snr_frac_gt_1'
[skip] fedavg: no data for metric 'vi_elbo_loss_mean'
[skip] fedavg: no data for metric 'vi_kl_loss_mean'
[skip] fedavg: no data for metric 'vi_likelihood_loss_mean'
[skip] fedavg: no data for metric 'vi_scale_mean'
[skip] vi: no data for metric 'vi_scale_mean'
[skip] No runs contained usable data for metric 'vi_scale_mean'
[skip] fedavg: no data for metric 'vi_scale_p50'
[skip] vi: no data for metric 'vi_scale_p50'
[skip] No runs contained usable data for metric 'vi_scale_p50'
[skip] fedavg: no data for metric 'vi_scale_p90'
[skip] vi: no data for metric 'vi_scale_p90'
[skip] No runs contained usable data for metric 'vi_scale_p90'
plots/final_compare_mnist_noniid_unbalanced/fa_vs_vi/bayesian_posterior/mix_posterior_sigma_mean_round.png
plots/final_compare_mnist_noniid_unbalanced/fa_vs_vi/bayesian_posterior/mix_posterior_sigma_p50_round.png
plots/final_compare_mnist_noniid_unbalanced/fa_vs_vi/bayesian_posterior/mix_posterior_sigma_p90_round.png
plots/final_compare_mnist_noniid_unbalanced/fa_vs_vi/bayesian_posterior/mix_posterior_precision_mean_round.png
plots/final_compare_mnist_noniid_unbalanced/fa_vs_vi/bayesian_posterior/mix_posterior_precision_p50_round.png
plots/final_compare_mnist_noniid_unbalanced/fa_vs_vi/bayesian_posterior/mix_posterior_precision_p90_round.png
plots/final_compare_mnist_noniid_unbalanced/fa_vs_vi/bayesian_posterior/mix_posterior_snr_raw_mean_round.png
plots/final_compare_mnist_noniid_unbalanced/fa_vs_vi/bayesian_posterior/mix_posterior_snr_raw_p50_round.png
plots/final_compare_mnist_noniid_unbalanced/fa_vs_vi/bayesian_posterior/mix_posterior_snr_raw_p90_round.png
plots/final_compare_mnist_noniid_unbalanced/fa_vs_vi/bayesian_posterior/mix_posterior_snr_db_mean_round.png
plots/final_compare_mnist_noniid_unbalanced/fa_vs_vi/bayesian_posterior/mix_posterior_snr_db_p50_round.png
plots/final_compare_mnist_noniid_unbalanced/fa_vs_vi/bayesian_posterior/mix_posterior_snr_frac_lt_1_round.png
plots/final_compare_mnist_noniid_unbalanced/fa_vs_vi/bayesian_posterior/mix_posterior_snr_frac_gt_1_round.png
plots/final_compare_mnist_noniid_unbalanced/fa_vs_vi/bayesian_posterior/mix_vi_elbo_loss_mean_round.png
plots/final_compare_mnist_noniid_unbalanced/fa_vs_vi/bayesian_posterior/mix_vi_kl_loss_mean_round.png
plots/final_compare_mnist_noniid_unbalanced/fa_vs_vi/bayesian_posterior/mix_vi_likelihood_loss_mean_round.png
===== VI-specific characteristics dashboard =====
[skip] characteristic metric not available: vi_scale_mean
[skip] characteristic metric not available: vi_scale_p50
[skip] characteristic metric not available: vi_scale_p90
[info] posterior round 142 not available in outputs/vi_mnist_stabilized_decay_seed42/posterior_summary.csv; using nearest saved round 140
[info] posterior round 142 not available in outputs/vi_mnist_stabilized_decay_seed42/posterior_summary.csv; using nearest saved round 140
[info] posterior round 142 not available in outputs/vi_mnist_stabilized_decay_seed42/posterior_summary.csv; using nearest saved round 140
[info] posterior round 142 not available in outputs/vi_mnist_stabilized_decay_seed42/posterior_summary.csv; using nearest saved round 140
[info] posterior round 42 not available in outputs/vi_mnist_stabilized_decay_seed42/posterior_summary.csv; using nearest saved round 40
[info] posterior round 42 not available in outputs/vi_mnist_stabilized_decay_seed42/posterior_summary.csv; using nearest saved round 40
[info] posterior round 42 not available in outputs/vi_mnist_stabilized_decay_seed42/posterior_summary.csv; using nearest saved round 40
[info] posterior round 42 not available in outputs/vi_mnist_stabilized_decay_seed42/posterior_summary.csv; using nearest saved round 40
plots/final_compare_mnist_noniid_unbalanced/fa_vs_vi/vi_characteristics/vi_mean_vs_mc_accuracy.png
plots/final_compare_mnist_noniid_unbalanced/fa_vs_vi/vi_characteristics/vi_mean_vs_mc_loss.png
plots/final_compare_mnist_noniid_unbalanced/fa_vs_vi/vi_characteristics/vi_uncertainty_decomposition.png
plots/final_compare_mnist_noniid_unbalanced/fa_vs_vi/vi_characteristics/vi_elbo_decomposition.png
plots/final_compare_mnist_noniid_unbalanced/fa_vs_vi/vi_characteristics/vi_scale_uncertainty.png
plots/final_compare_mnist_noniid_unbalanced/fa_vs_vi/vi_characteristics/vi_snr_summary.png
plots/final_compare_mnist_noniid_unbalanced/fa_vs_vi/vi_characteristics/vi_global_local_accuracy.png
plots/final_compare_mnist_noniid_unbalanced/fa_vs_vi/vi_characteristics/vi_calibration_confidence_entropy.png
plots/final_compare_mnist_noniid_unbalanced/fa_vs_vi/vi_characteristics/vi_mean_mc_accuracy_gap.png
plots/final_compare_mnist_noniid_unbalanced/fa_vs_vi/vi_characteristics/vi_mean_mc_loss_gap.png
plots/final_compare_mnist_noniid_unbalanced/fa_vs_vi/vi_characteristics/vi_local_global_accuracy_gap.png
plots/final_compare_mnist_noniid_unbalanced/fa_vs_vi/vi_characteristics/vi_kl_likelihood_ratio.png
plots/final_compare_mnist_noniid_unbalanced/fa_vs_vi/vi_characteristics/layer_final/vi_layer_final_sigma_mean_round_0200.png
plots/final_compare_mnist_noniid_unbalanced/fa_vs_vi/vi_characteristics/layer_final/vi_layer_final_precision_mean_round_0200.png
plots/final_compare_mnist_noniid_unbalanced/fa_vs_vi/vi_characteristics/layer_final/vi_layer_final_snr_raw_p50_round_0200.png
plots/final_compare_mnist_noniid_unbalanced/fa_vs_vi/vi_characteristics/layer_final/vi_layer_final_snr_raw_p90_round_0200.png
plots/final_compare_mnist_noniid_unbalanced/fa_vs_vi/vi_characteristics/layer_best_acc/vi_layer_best_acc_sigma_mean_round_0140.png
plots/final_compare_mnist_noniid_unbalanced/fa_vs_vi/vi_characteristics/layer_best_acc/vi_layer_best_acc_precision_mean_round_0140.png
plots/final_compare_mnist_noniid_unbalanced/fa_vs_vi/vi_characteristics/layer_best_acc/vi_layer_best_acc_snr_raw_p50_round_0140.png
plots/final_compare_mnist_noniid_unbalanced/fa_vs_vi/vi_characteristics/layer_best_acc/vi_layer_best_acc_snr_raw_p90_round_0140.png
plots/final_compare_mnist_noniid_unbalanced/fa_vs_vi/vi_characteristics/layer_best_ece/vi_layer_best_ece_sigma_mean_round_0040.png
plots/final_compare_mnist_noniid_unbalanced/fa_vs_vi/vi_characteristics/layer_best_ece/vi_layer_best_ece_precision_mean_round_0040.png
plots/final_compare_mnist_noniid_unbalanced/fa_vs_vi/vi_characteristics/layer_best_ece/vi_layer_best_ece_snr_raw_p50_round_0040.png
plots/final_compare_mnist_noniid_unbalanced/fa_vs_vi/vi_characteristics/layer_best_ece/vi_layer_best_ece_snr_raw_p90_round_0040.png
plots/final_compare_mnist_noniid_unbalanced/fa_vs_vi/vi_characteristics/client_final/vi_client_final_train_loss_round_0200.png
plots/final_compare_mnist_noniid_unbalanced/fa_vs_vi/vi_characteristics/client_final/vi_client_final_update_l2_norm_round_0200.png
plots/final_compare_mnist_noniid_unbalanced/fa_vs_vi/vi_characteristics/client_final/vi_client_final_vi_elbo_loss_round_0200.png
plots/final_compare_mnist_noniid_unbalanced/fa_vs_vi/vi_characteristics/client_final/vi_client_final_vi_kl_loss_round_0200.png
plots/final_compare_mnist_noniid_unbalanced/fa_vs_vi/vi_characteristics/client_final/vi_client_final_vi_likelihood_loss_round_0200.png
plots/final_compare_mnist_noniid_unbalanced/fa_vs_vi/vi_characteristics/client_final/vi_client_final_vi_scale_mean_round_0200.png
plots/final_compare_mnist_noniid_unbalanced/fa_vs_vi/vi_characteristics/client_final/vi_client_final_vi_snr_raw_p50_round_0200.png
plots/final_compare_mnist_noniid_unbalanced/fa_vs_vi/vi_characteristics/client_best_acc/vi_client_best_acc_train_loss_round_0142.png
plots/final_compare_mnist_noniid_unbalanced/fa_vs_vi/vi_characteristics/client_best_acc/vi_client_best_acc_update_l2_norm_round_0142.png
plots/final_compare_mnist_noniid_unbalanced/fa_vs_vi/vi_characteristics/client_best_acc/vi_client_best_acc_vi_elbo_loss_round_0142.png
plots/final_compare_mnist_noniid_unbalanced/fa_vs_vi/vi_characteristics/client_best_acc/vi_client_best_acc_vi_kl_loss_round_0142.png
plots/final_compare_mnist_noniid_unbalanced/fa_vs_vi/vi_characteristics/client_best_acc/vi_client_best_acc_vi_likelihood_loss_round_0142.png
plots/final_compare_mnist_noniid_unbalanced/fa_vs_vi/vi_characteristics/client_best_acc/vi_client_best_acc_vi_scale_mean_round_0142.png
plots/final_compare_mnist_noniid_unbalanced/fa_vs_vi/vi_characteristics/client_best_acc/vi_client_best_acc_vi_snr_raw_p50_round_0142.png
===== Selected-client plots =====
plots/final_compare_mnist_noniid_unbalanced/fa_vs_vi/selection_fedavg/selected_clients_round.png
plots/final_compare_mnist_noniid_unbalanced/fa_vs_vi/selection_vi/selected_clients_round.png
===== Device radar plot =====
plots/final_compare_mnist_noniid_unbalanced/fa_vs_vi/device_distribution/device_distribution_radar.png
===== Calibration plots: final round =====
plots/final_compare_mnist_noniid_unbalanced/fa_vs_vi/calibration_fedavg_final/calibration_round_0200_global_test.png
plots/final_compare_mnist_noniid_unbalanced/fa_vs_vi/calibration_vi_final/calibration_round_0200_global_test.png
===== Calibration plots: best accuracy round =====
plots/final_compare_mnist_noniid_unbalanced/fa_vs_vi/calibration_fedavg_best_acc/calibration_round_0183_global_test.png
plots/final_compare_mnist_noniid_unbalanced/fa_vs_vi/calibration_vi_best_acc/calibration_round_0142_global_test.png
===== Calibration plots: best ECE round =====
plots/final_compare_mnist_noniid_unbalanced/fa_vs_vi/calibration_fedavg_best_ece/calibration_round_0129_global_test.png
plots/final_compare_mnist_noniid_unbalanced/fa_vs_vi/calibration_vi_best_ece/calibration_round_0042_global_test.png
===== VI SNR density/CDF plots =====
plots/final_compare_mnist_noniid_unbalanced/fa_vs_vi/snr_vi_final/snr_density_round_0200_all_db.png
plots/final_compare_mnist_noniid_unbalanced/fa_vs_vi/snr_vi_final/snr_cdf_round_0200_all_db.png
Traceback (most recent call last):
  File "/home/micl/DungNDH/micl/bayesfl_base_source/utils.py", line 1410, in <module>
    main()
  File "/home/micl/DungNDH/micl/bayesfl_base_source/utils.py", line 1376, in main
    for path in plot_snr_histogram(args.snr, args.output_dir, args.round, args.layer, args.value_space):
  File "/home/micl/DungNDH/micl/bayesfl_base_source/utils.py", line 270, in plot_snr_histogram
    raise ValueError(f"No SNR rows for round={round_idx}, layer={layer_name}, value_space={value_space}")
ValueError: No SNR rows for round=142, layer=all, value_space=db
