nohup: ignoring input
===== diagnostics: fedavg_seed42 =====
plots/research_diagnostics_mnist_noniid_unbalanced/fedavg_seed42/diagnostics/best_vs_final_accuracy.png
plots/research_diagnostics_mnist_noniid_unbalanced/fedavg_seed42/diagnostics/accuracy_uncertainty_snr_overlay.png
plots/research_diagnostics_mnist_noniid_unbalanced/fedavg_seed42/diagnostics/local_global_accuracy_gap.png
plots/research_diagnostics_mnist_noniid_unbalanced/fedavg_seed42/diagnostics/accuracy_vs_wall_time.png
plots/research_diagnostics_mnist_noniid_unbalanced/fedavg_seed42/heterogeneity/label_entropy_vs_update_l2.png
plots/research_diagnostics_mnist_noniid_unbalanced/fedavg_seed42/heterogeneity/label_kl_vs_update_l2.png
plots/research_diagnostics_mnist_noniid_unbalanced/fedavg_seed42/heterogeneity/label_entropy_vs_local_epochs.png
===== diagnostics: vi_seed42 =====
plots/research_diagnostics_mnist_noniid_unbalanced/vi_seed42/diagnostics/best_vs_final_accuracy.png
plots/research_diagnostics_mnist_noniid_unbalanced/vi_seed42/diagnostics/accuracy_uncertainty_snr_overlay.png
plots/research_diagnostics_mnist_noniid_unbalanced/vi_seed42/diagnostics/local_global_accuracy_gap.png
plots/research_diagnostics_mnist_noniid_unbalanced/vi_seed42/diagnostics/accuracy_vs_wall_time.png
plots/research_diagnostics_mnist_noniid_unbalanced/vi_seed42/heterogeneity/label_entropy_vs_update_l2.png
plots/research_diagnostics_mnist_noniid_unbalanced/vi_seed42/heterogeneity/label_kl_vs_update_l2.png
plots/research_diagnostics_mnist_noniid_unbalanced/vi_seed42/heterogeneity/label_entropy_vs_local_epochs.png
plots/research_diagnostics_mnist_noniid_unbalanced/vi_seed42/snr_evolution/snr_density_evolution_all_db.png
plots/research_diagnostics_mnist_noniid_unbalanced/vi_seed42/snr_evolution/snr_cdf_evolution_all_db.png
===== diagnostics: ola_seed42 =====
plots/research_diagnostics_mnist_noniid_unbalanced/ola_seed42/diagnostics/best_vs_final_accuracy.png
plots/research_diagnostics_mnist_noniid_unbalanced/ola_seed42/diagnostics/accuracy_uncertainty_snr_overlay.png
plots/research_diagnostics_mnist_noniid_unbalanced/ola_seed42/diagnostics/local_global_accuracy_gap.png
plots/research_diagnostics_mnist_noniid_unbalanced/ola_seed42/diagnostics/accuracy_vs_wall_time.png
plots/research_diagnostics_mnist_noniid_unbalanced/ola_seed42/heterogeneity/label_entropy_vs_update_l2.png
plots/research_diagnostics_mnist_noniid_unbalanced/ola_seed42/heterogeneity/label_kl_vs_update_l2.png
plots/research_diagnostics_mnist_noniid_unbalanced/ola_seed42/heterogeneity/label_entropy_vs_local_epochs.png
plots/research_diagnostics_mnist_noniid_unbalanced/ola_seed42/snr_evolution/snr_density_evolution_all_db.png
plots/research_diagnostics_mnist_noniid_unbalanced/ola_seed42/snr_evolution/snr_cdf_evolution_all_db.png
plots/research_diagnostics_mnist_noniid_unbalanced/dense_compare_best_final/best_final_summary.csv
plots/research_diagnostics_mnist_noniid_unbalanced/dense_compare_best_final/final_global_accuracy.png
plots/research_diagnostics_mnist_noniid_unbalanced/dense_compare_best_final/best_global_accuracy.png
plots/research_diagnostics_mnist_noniid_unbalanced/dense_compare_best_final/accuracy_drop_best_to_final.png
plots/research_diagnostics_mnist_noniid_unbalanced/dense_compare_best_final/final_global_ece.png
plots/research_diagnostics_mnist_noniid_unbalanced/dense_compare_best_final/final_global_loss.png
plots/research_diagnostics_mnist_noniid_unbalanced/dense_compare_best_final/accuracy_calibration_tradeoff.png
plots/research_diagnostics_mnist_noniid_unbalanced/dense_vs_sparse_best_final/best_final_summary.csv
plots/research_diagnostics_mnist_noniid_unbalanced/dense_vs_sparse_best_final/final_global_accuracy.png
plots/research_diagnostics_mnist_noniid_unbalanced/dense_vs_sparse_best_final/best_global_accuracy.png
plots/research_diagnostics_mnist_noniid_unbalanced/dense_vs_sparse_best_final/accuracy_drop_best_to_final.png
plots/research_diagnostics_mnist_noniid_unbalanced/dense_vs_sparse_best_final/final_global_ece.png
plots/research_diagnostics_mnist_noniid_unbalanced/dense_vs_sparse_best_final/final_global_loss.png
plots/research_diagnostics_mnist_noniid_unbalanced/dense_vs_sparse_best_final/accuracy_calibration_tradeoff.png
plots/research_diagnostics_mnist_noniid_unbalanced/dense_compare_best_final/accuracy_calibration_tradeoff.png
plots/research_diagnostics_mnist_noniid_unbalanced/dense_compare_best_final/accuracy_drop_best_to_final.png
plots/research_diagnostics_mnist_noniid_unbalanced/dense_compare_best_final/best_final_summary.csv
plots/research_diagnostics_mnist_noniid_unbalanced/dense_compare_best_final/best_global_accuracy.png
plots/research_diagnostics_mnist_noniid_unbalanced/dense_compare_best_final/final_global_accuracy.png
plots/research_diagnostics_mnist_noniid_unbalanced/dense_compare_best_final/final_global_ece.png
plots/research_diagnostics_mnist_noniid_unbalanced/dense_compare_best_final/final_global_loss.png
plots/research_diagnostics_mnist_noniid_unbalanced/dense_vs_sparse_best_final/accuracy_calibration_tradeoff.png
plots/research_diagnostics_mnist_noniid_unbalanced/dense_vs_sparse_best_final/accuracy_drop_best_to_final.png
plots/research_diagnostics_mnist_noniid_unbalanced/dense_vs_sparse_best_final/best_final_summary.csv
plots/research_diagnostics_mnist_noniid_unbalanced/dense_vs_sparse_best_final/best_global_accuracy.png
plots/research_diagnostics_mnist_noniid_unbalanced/dense_vs_sparse_best_final/final_global_accuracy.png
plots/research_diagnostics_mnist_noniid_unbalanced/dense_vs_sparse_best_final/final_global_ece.png
plots/research_diagnostics_mnist_noniid_unbalanced/dense_vs_sparse_best_final/final_global_loss.png
plots/research_diagnostics_mnist_noniid_unbalanced/fedavg_seed42/diagnostics/accuracy_uncertainty_snr_overlay.png
plots/research_diagnostics_mnist_noniid_unbalanced/fedavg_seed42/diagnostics/accuracy_vs_wall_time.png
plots/research_diagnostics_mnist_noniid_unbalanced/fedavg_seed42/diagnostics/best_vs_final_accuracy.png
plots/research_diagnostics_mnist_noniid_unbalanced/fedavg_seed42/diagnostics/local_global_accuracy_gap.png
plots/research_diagnostics_mnist_noniid_unbalanced/fedavg_seed42/heterogeneity/label_entropy_vs_local_epochs.png
plots/research_diagnostics_mnist_noniid_unbalanced/fedavg_seed42/heterogeneity/label_entropy_vs_update_l2.png
plots/research_diagnostics_mnist_noniid_unbalanced/fedavg_seed42/heterogeneity/label_kl_vs_update_l2.png
plots/research_diagnostics_mnist_noniid_unbalanced/ola_seed42/diagnostics/accuracy_uncertainty_snr_overlay.png
plots/research_diagnostics_mnist_noniid_unbalanced/ola_seed42/diagnostics/accuracy_vs_wall_time.png
plots/research_diagnostics_mnist_noniid_unbalanced/ola_seed42/diagnostics/best_vs_final_accuracy.png
plots/research_diagnostics_mnist_noniid_unbalanced/ola_seed42/diagnostics/local_global_accuracy_gap.png
plots/research_diagnostics_mnist_noniid_unbalanced/ola_seed42/heterogeneity/label_entropy_vs_local_epochs.png
plots/research_diagnostics_mnist_noniid_unbalanced/ola_seed42/heterogeneity/label_entropy_vs_update_l2.png
plots/research_diagnostics_mnist_noniid_unbalanced/ola_seed42/heterogeneity/label_kl_vs_update_l2.png
plots/research_diagnostics_mnist_noniid_unbalanced/ola_seed42/snr_evolution/snr_cdf_evolution_all_db.png
plots/research_diagnostics_mnist_noniid_unbalanced/ola_seed42/snr_evolution/snr_density_evolution_all_db.png
plots/research_diagnostics_mnist_noniid_unbalanced/vi_seed42/diagnostics/accuracy_uncertainty_snr_overlay.png
plots/research_diagnostics_mnist_noniid_unbalanced/vi_seed42/diagnostics/accuracy_vs_wall_time.png
plots/research_diagnostics_mnist_noniid_unbalanced/vi_seed42/diagnostics/best_vs_final_accuracy.png
plots/research_diagnostics_mnist_noniid_unbalanced/vi_seed42/diagnostics/local_global_accuracy_gap.png
plots/research_diagnostics_mnist_noniid_unbalanced/vi_seed42/heterogeneity/label_entropy_vs_local_epochs.png
plots/research_diagnostics_mnist_noniid_unbalanced/vi_seed42/heterogeneity/label_entropy_vs_update_l2.png
plots/research_diagnostics_mnist_noniid_unbalanced/vi_seed42/heterogeneity/label_kl_vs_update_l2.png
plots/research_diagnostics_mnist_noniid_unbalanced/vi_seed42/snr_evolution/snr_cdf_evolution_all_db.png
plots/research_diagnostics_mnist_noniid_unbalanced/vi_seed42/snr_evolution/snr_density_evolution_all_db.png
