nohup: ignoring input
===== Sparse VI sweep =====
ROOT_DIR=/home/micl/DungNDH/micl/bayesfl_base_source
SEED=42
DEVICE=cuda
CLIENT_GPUS=0.5
OUTPUT_ROOT=outputs/sparse_comm_mnist_noniid_unbalanced
LOG_DIR=logs/sparse_comm_mnist_noniid_unbalanced
PRUNE_FRACTIONS=0.0 0.5 0.75 0.9 0.95 0.98
SPARSE_METRIC=update_snr
SPARSE_WARMUP_ROUNDS=20
SPARSE_MIN_KEEP=100
SKIP_EXISTING=true
[baseline] prune_fraction=0.0 uses dense VI run: outputs/sparse_comm_mnist_noniid_unbalanced/vi_prune000_dense_baseline_seed42 -> outputs/final_compare_mnist_noniid_unbalanced/vi_seed42
[skip-run] prune_fraction=0.0 is dense baseline; not rerunning sparse VI.
===== Running sparse VI: prune_fraction=0.5, keep/send ratio=0.500000 =====
Output: outputs/sparse_comm_mnist_noniid_unbalanced/vi_update_snr_prune050_keep050_seed42
Log:    logs/sparse_comm_mnist_noniid_unbalanced/vi_update_snr_prune050_keep050_seed42.log
[done] vi_update_snr_prune050_keep050_seed42
===== Running sparse VI: prune_fraction=0.75, keep/send ratio=0.250000 =====
Output: outputs/sparse_comm_mnist_noniid_unbalanced/vi_update_snr_prune075_keep025_seed42
Log:    logs/sparse_comm_mnist_noniid_unbalanced/vi_update_snr_prune075_keep025_seed42.log
[done] vi_update_snr_prune075_keep025_seed42
===== Running sparse VI: prune_fraction=0.9, keep/send ratio=0.100000 =====
Output: outputs/sparse_comm_mnist_noniid_unbalanced/vi_update_snr_prune090_keep010_seed42
Log:    logs/sparse_comm_mnist_noniid_unbalanced/vi_update_snr_prune090_keep010_seed42.log
[done] vi_update_snr_prune090_keep010_seed42
===== Running sparse VI: prune_fraction=0.95, keep/send ratio=0.050000 =====
Output: outputs/sparse_comm_mnist_noniid_unbalanced/vi_update_snr_prune095_keep005_seed42
Log:    logs/sparse_comm_mnist_noniid_unbalanced/vi_update_snr_prune095_keep005_seed42.log
[done] vi_update_snr_prune095_keep005_seed42
===== Running sparse VI: prune_fraction=0.98, keep/send ratio=0.020000 =====
Output: outputs/sparse_comm_mnist_noniid_unbalanced/vi_update_snr_prune098_keep002_seed42
Log:    logs/sparse_comm_mnist_noniid_unbalanced/vi_update_snr_prune098_keep002_seed42.log
[done] vi_update_snr_prune098_keep002_seed42
===== Sparse VI sweep finished =====
Manifest: outputs/sparse_comm_mnist_noniid_unbalanced/vi_sparse_sweep_manifest_seed42.csv
Outputs:
outputs/sparse_comm_mnist_noniid_unbalanced/vi_prune000_dense_baseline_seed42
outputs/sparse_comm_mnist_noniid_unbalanced/vi_update_snr_prune050_keep050_seed42
outputs/sparse_comm_mnist_noniid_unbalanced/vi_update_snr_prune075_keep025_seed42
outputs/sparse_comm_mnist_noniid_unbalanced/vi_update_snr_prune090_keep010_seed42
outputs/sparse_comm_mnist_noniid_unbalanced/vi_update_snr_prune095_keep005_seed42
outputs/sparse_comm_mnist_noniid_unbalanced/vi_update_snr_prune098_keep002_seed42
