nohup: ignoring input
===== OLA sparse-selection ablation =====
OUTPUT_ROOT=outputs/sparse_selection_ablation_mnist_extreme_a001_ub01
LOG_DIR=logs/sparse_selection_ablation_mnist_extreme_a001_ub01
KEEP_RATIOS=1.0 0.5 0.1 0.05 0.02
SELECTIONS=bayesian random
SPARSE_METRIC=precision_update
DEVICE=cuda CLIENT_GPUS=0.25
===== Running OLA bayesian keep=1.0 =====
Output: outputs/sparse_selection_ablation_mnist_extreme_a001_ub01/ola_sparse_bayesian_keep100_seed42
Log:    logs/sparse_selection_ablation_mnist_extreme_a001_ub01/ola_sparse_bayesian_keep100_seed42.log
[done] ola_sparse_bayesian_keep100_seed42
===== Running OLA bayesian keep=0.5 =====
Output: outputs/sparse_selection_ablation_mnist_extreme_a001_ub01/ola_sparse_bayesian_keep050_seed42
Log:    logs/sparse_selection_ablation_mnist_extreme_a001_ub01/ola_sparse_bayesian_keep050_seed42.log
[done] ola_sparse_bayesian_keep050_seed42
[skip-existing] outputs/sparse_selection_ablation_mnist_extreme_a001_ub01/ola_sparse_bayesian_keep010_seed42
[skip-existing] outputs/sparse_selection_ablation_mnist_extreme_a001_ub01/ola_sparse_bayesian_keep005_seed42
[skip-existing] outputs/sparse_selection_ablation_mnist_extreme_a001_ub01/ola_sparse_bayesian_keep002_seed42
===== Running OLA random keep=1.0 =====
Output: outputs/sparse_selection_ablation_mnist_extreme_a001_ub01/ola_sparse_random_keep100_seed42
Log:    logs/sparse_selection_ablation_mnist_extreme_a001_ub01/ola_sparse_random_keep100_seed42.log
[done] ola_sparse_random_keep100_seed42
===== Running OLA random keep=0.5 =====
Output: outputs/sparse_selection_ablation_mnist_extreme_a001_ub01/ola_sparse_random_keep050_seed42
Log:    logs/sparse_selection_ablation_mnist_extreme_a001_ub01/ola_sparse_random_keep050_seed42.log
[done] ola_sparse_random_keep050_seed42
[skip-existing] outputs/sparse_selection_ablation_mnist_extreme_a001_ub01/ola_sparse_random_keep010_seed42
[skip-existing] outputs/sparse_selection_ablation_mnist_extreme_a001_ub01/ola_sparse_random_keep005_seed42
[skip-existing] outputs/sparse_selection_ablation_mnist_extreme_a001_ub01/ola_sparse_random_keep002_seed42
===== OLA sparse-selection ablation finished =====
Manifest: outputs/sparse_selection_ablation_mnist_extreme_a001_ub01/ola_sparse_selection_ablation_manifest_seed42.csv
