nohup: ignoring input
===== OLA sparse-metric extreme no-warmup ablation =====
DATASET=mnist MODEL=mlp MLP_HIDDEN=128
NONIID_ALPHA=0.01 UNBALANCED_ALPHA=0.1 MIN_CLIENT_EXAMPLES=5
NUM_DEVICES=300 NUM_VIRTUAL_CLIENTS=24 CLIENT_FRACTION=0.0333333333333
KEEP_RATIOS=1.0 0.5 0.1 0.05 0.02 BAYESIAN_METRICS=precision_update update_snr fisher_update kl RUN_RANDOM=true SPARSE_WARMUP_ROUNDS=0
OUTPUT_ROOT=outputs/ola_sparse_metric_ablation_mnist_extreme_a001_ub01_cf10_nowarmup_full
DEVICE=cuda CLIENT_GPUS=0.25
===== Running OLA selection=bayesian metric=precision_update keep=1.0 dataset=mnist =====
[done] ola_sparse_bayesian_precision_update_keep100_seed42
===== Running OLA selection=bayesian metric=update_snr keep=1.0 dataset=mnist =====
[done] ola_sparse_bayesian_update_snr_keep100_seed42
===== Running OLA selection=bayesian metric=fisher_update keep=1.0 dataset=mnist =====
[done] ola_sparse_bayesian_fisher_update_keep100_seed42
===== Running OLA selection=bayesian metric=kl keep=1.0 dataset=mnist =====
[done] ola_sparse_bayesian_kl_keep100_seed42
===== Running OLA selection=random metric=precision_update keep=1.0 dataset=mnist =====
[done] ola_sparse_random_keep100_seed42
===== Running OLA selection=bayesian metric=precision_update keep=0.5 dataset=mnist =====
[done] ola_sparse_bayesian_precision_update_keep050_seed42
===== Running OLA selection=bayesian metric=update_snr keep=0.5 dataset=mnist =====
[done] ola_sparse_bayesian_update_snr_keep050_seed42
===== Running OLA selection=bayesian metric=fisher_update keep=0.5 dataset=mnist =====
[done] ola_sparse_bayesian_fisher_update_keep050_seed42
===== Running OLA selection=bayesian metric=kl keep=0.5 dataset=mnist =====
[done] ola_sparse_bayesian_kl_keep050_seed42
===== Running OLA selection=random metric=precision_update keep=0.5 dataset=mnist =====
[done] ola_sparse_random_keep050_seed42
===== Running OLA selection=bayesian metric=precision_update keep=0.1 dataset=mnist =====
[done] ola_sparse_bayesian_precision_update_keep010_seed42
===== Running OLA selection=bayesian metric=update_snr keep=0.1 dataset=mnist =====
[done] ola_sparse_bayesian_update_snr_keep010_seed42
===== Running OLA selection=bayesian metric=fisher_update keep=0.1 dataset=mnist =====
[done] ola_sparse_bayesian_fisher_update_keep010_seed42
===== Running OLA selection=bayesian metric=kl keep=0.1 dataset=mnist =====
[done] ola_sparse_bayesian_kl_keep010_seed42
===== Running OLA selection=random metric=precision_update keep=0.1 dataset=mnist =====
[done] ola_sparse_random_keep010_seed42
===== Running OLA selection=bayesian metric=precision_update keep=0.05 dataset=mnist =====
[done] ola_sparse_bayesian_precision_update_keep005_seed42
===== Running OLA selection=bayesian metric=update_snr keep=0.05 dataset=mnist =====
[done] ola_sparse_bayesian_update_snr_keep005_seed42
===== Running OLA selection=bayesian metric=fisher_update keep=0.05 dataset=mnist =====
[done] ola_sparse_bayesian_fisher_update_keep005_seed42
===== Running OLA selection=bayesian metric=kl keep=0.05 dataset=mnist =====
[done] ola_sparse_bayesian_kl_keep005_seed42
===== Running OLA selection=random metric=precision_update keep=0.05 dataset=mnist =====
[done] ola_sparse_random_keep005_seed42
===== Running OLA selection=bayesian metric=precision_update keep=0.02 dataset=mnist =====
[done] ola_sparse_bayesian_precision_update_keep002_seed42
===== Running OLA selection=bayesian metric=update_snr keep=0.02 dataset=mnist =====
[done] ola_sparse_bayesian_update_snr_keep002_seed42
===== Running OLA selection=bayesian metric=fisher_update keep=0.02 dataset=mnist =====
[done] ola_sparse_bayesian_fisher_update_keep002_seed42
===== Running OLA selection=bayesian metric=kl keep=0.02 dataset=mnist =====
[done] ola_sparse_bayesian_kl_keep002_seed42
===== Running OLA selection=random metric=precision_update keep=0.02 dataset=mnist =====
[done] ola_sparse_random_keep002_seed42
===== OLA sparse-metric extreme no-warmup ablation finished =====
Manifest: outputs/ola_sparse_metric_ablation_mnist_extreme_a001_ub01_cf10_nowarmup_full/ola_sparse_metric_ablation_manifest_seed42.csv
