nohup: ignoring input
[aircomp] scenario=default condition=default realization=0 method=fedavg
[aircomp] scenario=default condition=default realization=0 method=fedprox
[aircomp] scenario=default condition=default realization=0 method=scaffold
[aircomp] scenario=default condition=default realization=0 method=proposed
[aircomp] scenario=default condition=default realization=1 method=fedavg
[aircomp] scenario=default condition=default realization=1 method=fedprox
[aircomp] scenario=default condition=default realization=1 method=scaffold
/home/micl/DungNDH/micl/bayesfl_base_source/aircomp_bayesfl.py:419: RuntimeWarning: invalid value encountered in cast
  ids = np.minimum((conf_np * int(bins)).astype(np.int64), int(bins) - 1)
/home/micl/DungNDH/micl/bayesfl_base_source/aircomp_bayesfl.py:1038: RuntimeWarning: Mean of empty slice
  "train_loss_mean": float(np.nanmean(train_losses)),
[aircomp] scenario=default condition=default realization=1 method=proposed
[aircomp] scenario=default condition=default realization=2 method=fedavg
[aircomp] scenario=default condition=default realization=2 method=fedprox
[aircomp] scenario=default condition=default realization=2 method=scaffold
[aircomp] scenario=default condition=default realization=2 method=proposed
[aircomp] scenario=default condition=default realization=3 method=fedavg
[aircomp] scenario=default condition=default realization=3 method=fedprox
[aircomp] scenario=default condition=default realization=3 method=scaffold
[aircomp] scenario=default condition=default realization=3 method=proposed
[aircomp] scenario=default condition=default realization=4 method=fedavg
[aircomp] scenario=default condition=default realization=4 method=fedprox
[aircomp] scenario=default condition=default realization=4 method=scaffold
[aircomp] scenario=default condition=default realization=4 method=proposed
[aircomp] scenario=default condition=default realization=5 method=fedavg
[aircomp] scenario=default condition=default realization=5 method=fedprox
[aircomp] scenario=default condition=default realization=5 method=scaffold
[aircomp] scenario=default condition=default realization=5 method=proposed
[aircomp] scenario=default condition=default realization=6 method=fedavg
[aircomp] scenario=default condition=default realization=6 method=fedprox
[aircomp] scenario=default condition=default realization=6 method=scaffold
[aircomp] scenario=default condition=default realization=6 method=proposed
[aircomp] scenario=default condition=default realization=7 method=fedavg
[aircomp] scenario=default condition=default realization=7 method=fedprox
[aircomp] scenario=default condition=default realization=7 method=scaffold
[aircomp] scenario=default condition=default realization=7 method=proposed
[aircomp] scenario=default condition=default realization=8 method=fedavg
[aircomp] scenario=default condition=default realization=8 method=fedprox
[aircomp] scenario=default condition=default realization=8 method=scaffold
[aircomp] scenario=default condition=default realization=8 method=proposed
[aircomp] scenario=default condition=default realization=9 method=fedavg
[aircomp] scenario=default condition=default realization=9 method=fedprox
[aircomp] scenario=default condition=default realization=9 method=scaffold
[aircomp] scenario=default condition=default realization=9 method=proposed
[aircomp] wrote:
  metrics: outputs/aircomp_bayesfl_mnist_paper_default_seed42/metrics.csv
  calibration: outputs/aircomp_bayesfl_mnist_paper_default_seed42/calibration_bins.csv
  client_data: outputs/aircomp_bayesfl_mnist_paper_default_seed42/client_data_summary.csv
  summary: outputs/aircomp_bayesfl_mnist_paper_default_seed42/run_summary.csv
