nohup: ignoring input
===== VI sparse-selection multikeep multiseed =====
DATASET=mnist MODEL=resnet MLP_HIDDEN=128 RESNET_WIDTH=16 RESNET_BLOCKS=1,1,1
SEEDS=42 43 44 KEEP_RATIOS=1.0 0.75 0.5 0.25 0.1 0.05 0.02 SELECTIONS=bayesian random
NONIID_ALPHA=0.01 UNBALANCED_ALPHA=0.1 CLIENT_FRACTION=0.0333333333333
OUTPUT_ROOT=outputs/vi_sparse_selection_mnist_resnet_extreme_a001_ub01_cf10_nowarmup_multiseed
DEVICE=cuda CLIENT_GPUS=0.5
===== Running VI bayesian keep=1.0 seed=42 dataset=mnist model=resnet =====
[done] vi_sparse_bayesian_resnet_keep100_seed42
===== Running VI bayesian keep=0.75 seed=42 dataset=mnist model=resnet =====
[done] vi_sparse_bayesian_resnet_keep075_seed42
===== Running VI bayesian keep=0.5 seed=42 dataset=mnist model=resnet =====
[done] vi_sparse_bayesian_resnet_keep050_seed42
===== Running VI bayesian keep=0.25 seed=42 dataset=mnist model=resnet =====
[done] vi_sparse_bayesian_resnet_keep025_seed42
===== Running VI bayesian keep=0.1 seed=42 dataset=mnist model=resnet =====
[done] vi_sparse_bayesian_resnet_keep010_seed42
===== Running VI bayesian keep=0.05 seed=42 dataset=mnist model=resnet =====
[done] vi_sparse_bayesian_resnet_keep005_seed42
===== Running VI bayesian keep=0.02 seed=42 dataset=mnist model=resnet =====
[done] vi_sparse_bayesian_resnet_keep002_seed42
===== Running VI random keep=1.0 seed=42 dataset=mnist model=resnet =====
[done] vi_sparse_random_resnet_keep100_seed42
===== Running VI random keep=0.75 seed=42 dataset=mnist model=resnet =====
[done] vi_sparse_random_resnet_keep075_seed42
===== Running VI random keep=0.5 seed=42 dataset=mnist model=resnet =====
[done] vi_sparse_random_resnet_keep050_seed42
===== Running VI random keep=0.25 seed=42 dataset=mnist model=resnet =====
[done] vi_sparse_random_resnet_keep025_seed42
===== Running VI random keep=0.1 seed=42 dataset=mnist model=resnet =====
[done] vi_sparse_random_resnet_keep010_seed42
===== Running VI random keep=0.05 seed=42 dataset=mnist model=resnet =====
[done] vi_sparse_random_resnet_keep005_seed42
===== Running VI random keep=0.02 seed=42 dataset=mnist model=resnet =====
[done] vi_sparse_random_resnet_keep002_seed42
===== Running VI bayesian keep=1.0 seed=43 dataset=mnist model=resnet =====
[done] vi_sparse_bayesian_resnet_keep100_seed43
===== Running VI bayesian keep=0.75 seed=43 dataset=mnist model=resnet =====
[done] vi_sparse_bayesian_resnet_keep075_seed43
===== Running VI bayesian keep=0.5 seed=43 dataset=mnist model=resnet =====
[done] vi_sparse_bayesian_resnet_keep050_seed43
===== Running VI bayesian keep=0.25 seed=43 dataset=mnist model=resnet =====
[done] vi_sparse_bayesian_resnet_keep025_seed43
===== Running VI bayesian keep=0.1 seed=43 dataset=mnist model=resnet =====
[done] vi_sparse_bayesian_resnet_keep010_seed43
===== Running VI bayesian keep=0.05 seed=43 dataset=mnist model=resnet =====
[done] vi_sparse_bayesian_resnet_keep005_seed43
===== Running VI bayesian keep=0.02 seed=43 dataset=mnist model=resnet =====
