nohup: ignoring input
===== OLA sparse-selection ablation =====
OUTPUT_ROOT=outputs/sparse_selection_ablation_mnist_noniid_unbalanced
LOG_DIR=logs/sparse_selection_ablation_mnist_noniid_unbalanced
KEEP_RATIOS=1.0 0.5 0.1 0.05 0.02
SELECTIONS=bayesian random
SPARSE_METRIC=precision_update
DEVICE=cuda CLIENT_GPUS=0.25
===== Running OLA bayesian keep=1.0 =====
Output: outputs/sparse_selection_ablation_mnist_noniid_unbalanced/ola_sparse_bayesian_keep100_seed42
Log:    logs/sparse_selection_ablation_mnist_noniid_unbalanced/ola_sparse_bayesian_keep100_seed42.log
[done] ola_sparse_bayesian_keep100_seed42
===== Running OLA bayesian keep=0.5 =====
Output: outputs/sparse_selection_ablation_mnist_noniid_unbalanced/ola_sparse_bayesian_keep050_seed42
Log:    logs/sparse_selection_ablation_mnist_noniid_unbalanced/ola_sparse_bayesian_keep050_seed42.log
[done] ola_sparse_bayesian_keep050_seed42
===== Running OLA bayesian keep=0.1 =====
Output: outputs/sparse_selection_ablation_mnist_noniid_unbalanced/ola_sparse_bayesian_keep010_seed42
Log:    logs/sparse_selection_ablation_mnist_noniid_unbalanced/ola_sparse_bayesian_keep010_seed42.log
[done] ola_sparse_bayesian_keep010_seed42
===== Running OLA bayesian keep=0.05 =====
Output: outputs/sparse_selection_ablation_mnist_noniid_unbalanced/ola_sparse_bayesian_keep005_seed42
Log:    logs/sparse_selection_ablation_mnist_noniid_unbalanced/ola_sparse_bayesian_keep005_seed42.log
[done] ola_sparse_bayesian_keep005_seed42
===== Running OLA bayesian keep=0.02 =====
Output: outputs/sparse_selection_ablation_mnist_noniid_unbalanced/ola_sparse_bayesian_keep002_seed42
Log:    logs/sparse_selection_ablation_mnist_noniid_unbalanced/ola_sparse_bayesian_keep002_seed42.log
[done] ola_sparse_bayesian_keep002_seed42
===== Running OLA random keep=1.0 =====
Output: outputs/sparse_selection_ablation_mnist_noniid_unbalanced/ola_sparse_random_keep100_seed42
Log:    logs/sparse_selection_ablation_mnist_noniid_unbalanced/ola_sparse_random_keep100_seed42.log
[done] ola_sparse_random_keep100_seed42
===== Running OLA random keep=0.5 =====
Output: outputs/sparse_selection_ablation_mnist_noniid_unbalanced/ola_sparse_random_keep050_seed42
Log:    logs/sparse_selection_ablation_mnist_noniid_unbalanced/ola_sparse_random_keep050_seed42.log
[done] ola_sparse_random_keep050_seed42
===== Running OLA random keep=0.1 =====
Output: outputs/sparse_selection_ablation_mnist_noniid_unbalanced/ola_sparse_random_keep010_seed42
Log:    logs/sparse_selection_ablation_mnist_noniid_unbalanced/ola_sparse_random_keep010_seed42.log
[done] ola_sparse_random_keep010_seed42
===== Running OLA random keep=0.05 =====
Output: outputs/sparse_selection_ablation_mnist_noniid_unbalanced/ola_sparse_random_keep005_seed42
Log:    logs/sparse_selection_ablation_mnist_noniid_unbalanced/ola_sparse_random_keep005_seed42.log
[done] ola_sparse_random_keep005_seed42
===== Running OLA random keep=0.02 =====
Output: outputs/sparse_selection_ablation_mnist_noniid_unbalanced/ola_sparse_random_keep002_seed42
Log:    logs/sparse_selection_ablation_mnist_noniid_unbalanced/ola_sparse_random_keep002_seed42.log
