nohup: ignoring input
===== VI sparse-selection ablation =====
OUTPUT_ROOT=outputs/sparse_selection_ablation_mnist_noniid_unbalanced
LOG_DIR=logs/sparse_selection_ablation_mnist_noniid_unbalanced
KEEP_RATIOS=1.0 0.5 0.1 0.05 0.02
SELECTIONS=bayesian random
SPARSE_METRIC=update_snr
VI_USE_DECAY=true
DEVICE=cuda CLIENT_GPUS=0.5
===== Running VI bayesian keep=1.0 =====
Output: outputs/sparse_selection_ablation_mnist_noniid_unbalanced/vi_sparse_bayesian_keep100_seed42
Log:    logs/sparse_selection_ablation_mnist_noniid_unbalanced/vi_sparse_bayesian_keep100_seed42.log
[done] vi_sparse_bayesian_keep100_seed42
===== Running VI bayesian keep=0.5 =====
Output: outputs/sparse_selection_ablation_mnist_noniid_unbalanced/vi_sparse_bayesian_keep050_seed42
Log:    logs/sparse_selection_ablation_mnist_noniid_unbalanced/vi_sparse_bayesian_keep050_seed42.log
[done] vi_sparse_bayesian_keep050_seed42
===== Running VI bayesian keep=0.1 =====
Output: outputs/sparse_selection_ablation_mnist_noniid_unbalanced/vi_sparse_bayesian_keep010_seed42
Log:    logs/sparse_selection_ablation_mnist_noniid_unbalanced/vi_sparse_bayesian_keep010_seed42.log
[done] vi_sparse_bayesian_keep010_seed42
===== Running VI bayesian keep=0.05 =====
Output: outputs/sparse_selection_ablation_mnist_noniid_unbalanced/vi_sparse_bayesian_keep005_seed42
Log:    logs/sparse_selection_ablation_mnist_noniid_unbalanced/vi_sparse_bayesian_keep005_seed42.log
[done] vi_sparse_bayesian_keep005_seed42
===== Running VI bayesian keep=0.02 =====
Output: outputs/sparse_selection_ablation_mnist_noniid_unbalanced/vi_sparse_bayesian_keep002_seed42
Log:    logs/sparse_selection_ablation_mnist_noniid_unbalanced/vi_sparse_bayesian_keep002_seed42.log
[done] vi_sparse_bayesian_keep002_seed42
===== Running VI random keep=1.0 =====
Output: outputs/sparse_selection_ablation_mnist_noniid_unbalanced/vi_sparse_random_keep100_seed42
Log:    logs/sparse_selection_ablation_mnist_noniid_unbalanced/vi_sparse_random_keep100_seed42.log
[done] vi_sparse_random_keep100_seed42
===== Running VI random keep=0.5 =====
Output: outputs/sparse_selection_ablation_mnist_noniid_unbalanced/vi_sparse_random_keep050_seed42
Log:    logs/sparse_selection_ablation_mnist_noniid_unbalanced/vi_sparse_random_keep050_seed42.log
[done] vi_sparse_random_keep050_seed42
===== Running VI random keep=0.1 =====
Output: outputs/sparse_selection_ablation_mnist_noniid_unbalanced/vi_sparse_random_keep010_seed42
Log:    logs/sparse_selection_ablation_mnist_noniid_unbalanced/vi_sparse_random_keep010_seed42.log
[done] vi_sparse_random_keep010_seed42
===== Running VI random keep=0.05 =====
Output: outputs/sparse_selection_ablation_mnist_noniid_unbalanced/vi_sparse_random_keep005_seed42
Log:    logs/sparse_selection_ablation_mnist_noniid_unbalanced/vi_sparse_random_keep005_seed42.log
[done] vi_sparse_random_keep005_seed42
===== Running VI random keep=0.02 =====
Output: outputs/sparse_selection_ablation_mnist_noniid_unbalanced/vi_sparse_random_keep002_seed42
Log:    logs/sparse_selection_ablation_mnist_noniid_unbalanced/vi_sparse_random_keep002_seed42.log
[done] vi_sparse_random_keep002_seed42
===== VI sparse-selection ablation finished =====
Manifest: outputs/sparse_selection_ablation_mnist_noniid_unbalanced/vi_sparse_selection_ablation_manifest_seed42.csv
