nohup: ignoring input
===== VI sparse-selection extreme no-warmup ablation =====
DATASET=mnist MODEL=mlp MLP_HIDDEN=128
NONIID_ALPHA=0.01 UNBALANCED_ALPHA=0.1 MIN_CLIENT_EXAMPLES=5
NUM_DEVICES=300 NUM_VIRTUAL_CLIENTS=24 CLIENT_FRACTION=0.0333333333333
KEEP_RATIOS=1.0 0.5 0.1 0.05 0.02 SELECTIONS=bayesian random SPARSE_WARMUP_ROUNDS=0
OUTPUT_ROOT=outputs/sparse_selection_ablation_mnist_extreme_a001_ub01_cf10_nowarmup_full
DEVICE=cuda CLIENT_GPUS=0.5
===== Running VI bayesian keep=1.0 dataset=mnist =====
[done] vi_sparse_bayesian_keep100_seed42
===== Running VI bayesian keep=0.5 dataset=mnist =====
[done] vi_sparse_bayesian_keep050_seed42
===== Running VI bayesian keep=0.1 dataset=mnist =====
[done] vi_sparse_bayesian_keep010_seed42
===== Running VI bayesian keep=0.05 dataset=mnist =====
[done] vi_sparse_bayesian_keep005_seed42
===== Running VI bayesian keep=0.02 dataset=mnist =====
[done] vi_sparse_bayesian_keep002_seed42
===== Running VI random keep=1.0 dataset=mnist =====
[done] vi_sparse_random_keep100_seed42
===== Running VI random keep=0.5 dataset=mnist =====
[done] vi_sparse_random_keep050_seed42
===== Running VI random keep=0.1 dataset=mnist =====
[done] vi_sparse_random_keep010_seed42
===== Running VI random keep=0.05 dataset=mnist =====
[done] vi_sparse_random_keep005_seed42
===== Running VI random keep=0.02 dataset=mnist =====
[done] vi_sparse_random_keep002_seed42
===== VI sparse-selection extreme no-warmup ablation finished =====
Manifest: outputs/sparse_selection_ablation_mnist_extreme_a001_ub01_cf10_nowarmup_full/vi_sparse_selection_extreme_manifest_seed42.csv
