nohup: ignoring input
[device] CUDA available: CUDA_VISIBLE_DEVICES=0, client_gpus=0.25
torch: 2.11.0+cu128
cuda_available: True
cuda_device_count: 1
cuda_device_0: NVIDIA GeForce RTX 5090

============================================================
[run] ola_lr0p1_b16_e1
[out] outputs/tune_ola_mnist_noniid_unbalanced/ola_lr0p1_b16_e1
[log] logs/ola_lr0p1_b16_e1.log
============================================================
[ok] ola_lr0p1_b16_e1

============================================================
[run] ola_lr0p1_b16_e2
[out] outputs/tune_ola_mnist_noniid_unbalanced/ola_lr0p1_b16_e2
[log] logs/ola_lr0p1_b16_e2.log
============================================================
[ok] ola_lr0p1_b16_e2

============================================================
[run] ola_lr0p1_b16_e5
[out] outputs/tune_ola_mnist_noniid_unbalanced/ola_lr0p1_b16_e5
[log] logs/ola_lr0p1_b16_e5.log
============================================================
[ok] ola_lr0p1_b16_e5

============================================================
[run] ola_lr0p1_b32_e1
[out] outputs/tune_ola_mnist_noniid_unbalanced/ola_lr0p1_b32_e1
[log] logs/ola_lr0p1_b32_e1.log
============================================================
[ok] ola_lr0p1_b32_e1

============================================================
[run] ola_lr0p1_b32_e2
[out] outputs/tune_ola_mnist_noniid_unbalanced/ola_lr0p1_b32_e2
[log] logs/ola_lr0p1_b32_e2.log
============================================================
[ok] ola_lr0p1_b32_e2

============================================================
[run] ola_lr0p1_b32_e5
[out] outputs/tune_ola_mnist_noniid_unbalanced/ola_lr0p1_b32_e5
[log] logs/ola_lr0p1_b32_e5.log
============================================================
[ok] ola_lr0p1_b32_e5

============================================================
[run] ola_lr0p1_b64_e1
[out] outputs/tune_ola_mnist_noniid_unbalanced/ola_lr0p1_b64_e1
[log] logs/ola_lr0p1_b64_e1.log
============================================================
[ok] ola_lr0p1_b64_e1

============================================================
[run] ola_lr0p1_b64_e2
[out] outputs/tune_ola_mnist_noniid_unbalanced/ola_lr0p1_b64_e2
[log] logs/ola_lr0p1_b64_e2.log
============================================================
[ok] ola_lr0p1_b64_e2

============================================================
[run] ola_lr0p1_b64_e5
[out] outputs/tune_ola_mnist_noniid_unbalanced/ola_lr0p1_b64_e5
[log] logs/ola_lr0p1_b64_e5.log
============================================================
[ok] ola_lr0p1_b64_e5

============================================================
[run] ola_lr0p1_b128_e1
[out] outputs/tune_ola_mnist_noniid_unbalanced/ola_lr0p1_b128_e1
[log] logs/ola_lr0p1_b128_e1.log
============================================================
[ok] ola_lr0p1_b128_e1

============================================================
[run] ola_lr0p1_b128_e2
[out] outputs/tune_ola_mnist_noniid_unbalanced/ola_lr0p1_b128_e2
[log] logs/ola_lr0p1_b128_e2.log
============================================================
[ok] ola_lr0p1_b128_e2

============================================================
[run] ola_lr0p1_b128_e5
[out] outputs/tune_ola_mnist_noniid_unbalanced/ola_lr0p1_b128_e5
[log] logs/ola_lr0p1_b128_e5.log
============================================================
[ok] ola_lr0p1_b128_e5

============================================================
[run] ola_lr0p05_b16_e1
[out] outputs/tune_ola_mnist_noniid_unbalanced/ola_lr0p05_b16_e1
[log] logs/ola_lr0p05_b16_e1.log
============================================================
[ok] ola_lr0p05_b16_e1

============================================================
[run] ola_lr0p05_b16_e2
[out] outputs/tune_ola_mnist_noniid_unbalanced/ola_lr0p05_b16_e2
[log] logs/ola_lr0p05_b16_e2.log
============================================================
[ok] ola_lr0p05_b16_e2

============================================================
[run] ola_lr0p05_b16_e5
[out] outputs/tune_ola_mnist_noniid_unbalanced/ola_lr0p05_b16_e5
[log] logs/ola_lr0p05_b16_e5.log
============================================================
[ok] ola_lr0p05_b16_e5

============================================================
[run] ola_lr0p05_b32_e1
[out] outputs/tune_ola_mnist_noniid_unbalanced/ola_lr0p05_b32_e1
[log] logs/ola_lr0p05_b32_e1.log
============================================================
[ok] ola_lr0p05_b32_e1

============================================================
[run] ola_lr0p05_b32_e2
[out] outputs/tune_ola_mnist_noniid_unbalanced/ola_lr0p05_b32_e2
[log] logs/ola_lr0p05_b32_e2.log
============================================================
[ok] ola_lr0p05_b32_e2

============================================================
[run] ola_lr0p05_b32_e5
[out] outputs/tune_ola_mnist_noniid_unbalanced/ola_lr0p05_b32_e5
[log] logs/ola_lr0p05_b32_e5.log
============================================================
[ok] ola_lr0p05_b32_e5

============================================================
[run] ola_lr0p05_b64_e1
[out] outputs/tune_ola_mnist_noniid_unbalanced/ola_lr0p05_b64_e1
[log] logs/ola_lr0p05_b64_e1.log
============================================================
[ok] ola_lr0p05_b64_e1

============================================================
[run] ola_lr0p05_b64_e2
[out] outputs/tune_ola_mnist_noniid_unbalanced/ola_lr0p05_b64_e2
[log] logs/ola_lr0p05_b64_e2.log
============================================================
[ok] ola_lr0p05_b64_e2

============================================================
[run] ola_lr0p05_b64_e5
[out] outputs/tune_ola_mnist_noniid_unbalanced/ola_lr0p05_b64_e5
[log] logs/ola_lr0p05_b64_e5.log
============================================================
[ok] ola_lr0p05_b64_e5

============================================================
[run] ola_lr0p05_b128_e1
[out] outputs/tune_ola_mnist_noniid_unbalanced/ola_lr0p05_b128_e1
[log] logs/ola_lr0p05_b128_e1.log
============================================================
[ok] ola_lr0p05_b128_e1

============================================================
[run] ola_lr0p05_b128_e2
[out] outputs/tune_ola_mnist_noniid_unbalanced/ola_lr0p05_b128_e2
[log] logs/ola_lr0p05_b128_e2.log
============================================================
[ok] ola_lr0p05_b128_e2

============================================================
[run] ola_lr0p05_b128_e5
[out] outputs/tune_ola_mnist_noniid_unbalanced/ola_lr0p05_b128_e5
[log] logs/ola_lr0p05_b128_e5.log
============================================================
[ok] ola_lr0p05_b128_e5

============================================================
[run] ola_lr0p02_b16_e1
[out] outputs/tune_ola_mnist_noniid_unbalanced/ola_lr0p02_b16_e1
[log] logs/ola_lr0p02_b16_e1.log
============================================================
[ok] ola_lr0p02_b16_e1

============================================================
[run] ola_lr0p02_b16_e2
[out] outputs/tune_ola_mnist_noniid_unbalanced/ola_lr0p02_b16_e2
[log] logs/ola_lr0p02_b16_e2.log
============================================================
[ok] ola_lr0p02_b16_e2

============================================================
[run] ola_lr0p02_b16_e5
[out] outputs/tune_ola_mnist_noniid_unbalanced/ola_lr0p02_b16_e5
[log] logs/ola_lr0p02_b16_e5.log
============================================================
[ok] ola_lr0p02_b16_e5

============================================================
[run] ola_lr0p02_b32_e1
[out] outputs/tune_ola_mnist_noniid_unbalanced/ola_lr0p02_b32_e1
[log] logs/ola_lr0p02_b32_e1.log
============================================================
[ok] ola_lr0p02_b32_e1

============================================================
[run] ola_lr0p02_b32_e2
[out] outputs/tune_ola_mnist_noniid_unbalanced/ola_lr0p02_b32_e2
[log] logs/ola_lr0p02_b32_e2.log
============================================================
[ok] ola_lr0p02_b32_e2

============================================================
[run] ola_lr0p02_b32_e5
[out] outputs/tune_ola_mnist_noniid_unbalanced/ola_lr0p02_b32_e5
[log] logs/ola_lr0p02_b32_e5.log
============================================================
[ok] ola_lr0p02_b32_e5

============================================================
[run] ola_lr0p02_b64_e1
[out] outputs/tune_ola_mnist_noniid_unbalanced/ola_lr0p02_b64_e1
[log] logs/ola_lr0p02_b64_e1.log
============================================================
[ok] ola_lr0p02_b64_e1

============================================================
[run] ola_lr0p02_b64_e2
[out] outputs/tune_ola_mnist_noniid_unbalanced/ola_lr0p02_b64_e2
[log] logs/ola_lr0p02_b64_e2.log
============================================================
[ok] ola_lr0p02_b64_e2

============================================================
[run] ola_lr0p02_b64_e5
[out] outputs/tune_ola_mnist_noniid_unbalanced/ola_lr0p02_b64_e5
[log] logs/ola_lr0p02_b64_e5.log
============================================================
[ok] ola_lr0p02_b64_e5

============================================================
[run] ola_lr0p02_b128_e1
[out] outputs/tune_ola_mnist_noniid_unbalanced/ola_lr0p02_b128_e1
[log] logs/ola_lr0p02_b128_e1.log
============================================================
[ok] ola_lr0p02_b128_e1

============================================================
[run] ola_lr0p02_b128_e2
[out] outputs/tune_ola_mnist_noniid_unbalanced/ola_lr0p02_b128_e2
[log] logs/ola_lr0p02_b128_e2.log
============================================================
[ok] ola_lr0p02_b128_e2

============================================================
[run] ola_lr0p02_b128_e5
[out] outputs/tune_ola_mnist_noniid_unbalanced/ola_lr0p02_b128_e5
[log] logs/ola_lr0p02_b128_e5.log
============================================================
[ok] ola_lr0p02_b128_e5

============================================================
[run] ola_lr0p01_b16_e1
[out] outputs/tune_ola_mnist_noniid_unbalanced/ola_lr0p01_b16_e1
[log] logs/ola_lr0p01_b16_e1.log
============================================================
[ok] ola_lr0p01_b16_e1

============================================================
[run] ola_lr0p01_b16_e2
[out] outputs/tune_ola_mnist_noniid_unbalanced/ola_lr0p01_b16_e2
[log] logs/ola_lr0p01_b16_e2.log
============================================================
[ok] ola_lr0p01_b16_e2

============================================================
[run] ola_lr0p01_b16_e5
[out] outputs/tune_ola_mnist_noniid_unbalanced/ola_lr0p01_b16_e5
[log] logs/ola_lr0p01_b16_e5.log
============================================================
[ok] ola_lr0p01_b16_e5

============================================================
[run] ola_lr0p01_b32_e1
[out] outputs/tune_ola_mnist_noniid_unbalanced/ola_lr0p01_b32_e1
[log] logs/ola_lr0p01_b32_e1.log
============================================================
[ok] ola_lr0p01_b32_e1

============================================================
[run] ola_lr0p01_b32_e2
[out] outputs/tune_ola_mnist_noniid_unbalanced/ola_lr0p01_b32_e2
[log] logs/ola_lr0p01_b32_e2.log
============================================================
[ok] ola_lr0p01_b32_e2

============================================================
[run] ola_lr0p01_b32_e5
[out] outputs/tune_ola_mnist_noniid_unbalanced/ola_lr0p01_b32_e5
[log] logs/ola_lr0p01_b32_e5.log
============================================================
[ok] ola_lr0p01_b32_e5

============================================================
[run] ola_lr0p01_b64_e1
[out] outputs/tune_ola_mnist_noniid_unbalanced/ola_lr0p01_b64_e1
[log] logs/ola_lr0p01_b64_e1.log
============================================================
[ok] ola_lr0p01_b64_e1

============================================================
[run] ola_lr0p01_b64_e2
[out] outputs/tune_ola_mnist_noniid_unbalanced/ola_lr0p01_b64_e2
[log] logs/ola_lr0p01_b64_e2.log
============================================================
[ok] ola_lr0p01_b64_e2

============================================================
[run] ola_lr0p01_b64_e5
[out] outputs/tune_ola_mnist_noniid_unbalanced/ola_lr0p01_b64_e5
[log] logs/ola_lr0p01_b64_e5.log
============================================================
[ok] ola_lr0p01_b64_e5

============================================================
[run] ola_lr0p01_b128_e1
[out] outputs/tune_ola_mnist_noniid_unbalanced/ola_lr0p01_b128_e1
[log] logs/ola_lr0p01_b128_e1.log
============================================================
[ok] ola_lr0p01_b128_e1

============================================================
[run] ola_lr0p01_b128_e2
[out] outputs/tune_ola_mnist_noniid_unbalanced/ola_lr0p01_b128_e2
[log] logs/ola_lr0p01_b128_e2.log
============================================================
[ok] ola_lr0p01_b128_e2

============================================================
[run] ola_lr0p01_b128_e5
[out] outputs/tune_ola_mnist_noniid_unbalanced/ola_lr0p01_b128_e5
[log] logs/ola_lr0p01_b128_e5.log
============================================================
[ok] ola_lr0p01_b128_e5

============================================================
[run] ola_lr0p005_b16_e1
[out] outputs/tune_ola_mnist_noniid_unbalanced/ola_lr0p005_b16_e1
[log] logs/ola_lr0p005_b16_e1.log
============================================================
[ok] ola_lr0p005_b16_e1

============================================================
[run] ola_lr0p005_b16_e2
[out] outputs/tune_ola_mnist_noniid_unbalanced/ola_lr0p005_b16_e2
[log] logs/ola_lr0p005_b16_e2.log
============================================================
[ok] ola_lr0p005_b16_e2

============================================================
[run] ola_lr0p005_b16_e5
[out] outputs/tune_ola_mnist_noniid_unbalanced/ola_lr0p005_b16_e5
[log] logs/ola_lr0p005_b16_e5.log
============================================================
[ok] ola_lr0p005_b16_e5

============================================================
[run] ola_lr0p005_b32_e1
[out] outputs/tune_ola_mnist_noniid_unbalanced/ola_lr0p005_b32_e1
[log] logs/ola_lr0p005_b32_e1.log
============================================================
[ok] ola_lr0p005_b32_e1

============================================================
[run] ola_lr0p005_b32_e2
[out] outputs/tune_ola_mnist_noniid_unbalanced/ola_lr0p005_b32_e2
[log] logs/ola_lr0p005_b32_e2.log
============================================================
[ok] ola_lr0p005_b32_e2

============================================================
[run] ola_lr0p005_b32_e5
[out] outputs/tune_ola_mnist_noniid_unbalanced/ola_lr0p005_b32_e5
[log] logs/ola_lr0p005_b32_e5.log
============================================================
[ok] ola_lr0p005_b32_e5

============================================================
[run] ola_lr0p005_b64_e1
[out] outputs/tune_ola_mnist_noniid_unbalanced/ola_lr0p005_b64_e1
[log] logs/ola_lr0p005_b64_e1.log
============================================================
[ok] ola_lr0p005_b64_e1

============================================================
[run] ola_lr0p005_b64_e2
[out] outputs/tune_ola_mnist_noniid_unbalanced/ola_lr0p005_b64_e2
[log] logs/ola_lr0p005_b64_e2.log
============================================================
[ok] ola_lr0p005_b64_e2

============================================================
[run] ola_lr0p005_b64_e5
[out] outputs/tune_ola_mnist_noniid_unbalanced/ola_lr0p005_b64_e5
[log] logs/ola_lr0p005_b64_e5.log
============================================================
[ok] ola_lr0p005_b64_e5

============================================================
[run] ola_lr0p005_b128_e1
[out] outputs/tune_ola_mnist_noniid_unbalanced/ola_lr0p005_b128_e1
[log] logs/ola_lr0p005_b128_e1.log
============================================================
[ok] ola_lr0p005_b128_e1

============================================================
[run] ola_lr0p005_b128_e2
[out] outputs/tune_ola_mnist_noniid_unbalanced/ola_lr0p005_b128_e2
[log] logs/ola_lr0p005_b128_e2.log
============================================================
[ok] ola_lr0p005_b128_e2

============================================================
[run] ola_lr0p005_b128_e5
[out] outputs/tune_ola_mnist_noniid_unbalanced/ola_lr0p005_b128_e5
[log] logs/ola_lr0p005_b128_e5.log
============================================================
[ok] ola_lr0p005_b128_e5
[ranking] outputs/tune_ola_mnist_noniid_unbalanced/sweep_ranking.csv
[best] {'run_label': 'ola_lr0p1_b16_e5', 'status': 'ok', 'method': 'ola', 'lr': '0.1', 'batch_size': '16', 'local_epochs': '5', 'client_fraction': '0.05', 'num_rounds': '60', 'final_round': '60', 'final_global_accuracy': '0.114', 'final_global_loss': '15.301274213409425', 'final_global_ece': '0.2473902947053313', 'final_global_nll': '15.301274213409425', 'final_local_accuracy_weighted': '0.9956414869624711', 'final_posterior_sigma_mean': '0.9999929567843813', 'final_posterior_snr_raw_p50': '0.020483932764899564', 'output_dir': 'outputs/tune_ola_mnist_noniid_unbalanced/ola_lr0p1_b16_e5'}
plots/tune_ola_mnist_noniid_unbalanced/top5/mix_global_accuracy_round.png
plots/tune_ola_mnist_noniid_unbalanced/top5/mix_global_loss_round.png
plots/tune_ola_mnist_noniid_unbalanced/top5/mix_global_ece_round.png
plots/tune_ola_mnist_noniid_unbalanced/top5/mix_posterior_sigma_mean_round.png
plots/tune_ola_mnist_noniid_unbalanced/top5/mix_posterior_snr_raw_p50_round.png

============================================================
OLA sweep finished. elapsed_seconds=28552
Results:  outputs/tune_ola_mnist_noniid_unbalanced/sweep_results.csv
Ranking:  outputs/tune_ola_mnist_noniid_unbalanced/sweep_ranking.csv
Top5 args:outputs/tune_ola_mnist_noniid_unbalanced/top5_runs.args
Plots:    plots/tune_ola_mnist_noniid_unbalanced/top5
============================================================
