2026-07-02 18:09:10,096 | INFO | Starting Bayesian FL source run
2026-07-02 18:09:10,096 | INFO | Flower version: 1.29.0
2026-07-02 18:09:10,096 | INFO | Method=vi dataset=mnist model=mlp
2026-07-02 18:09:10,096 | INFO | Physical devices=30 Flower virtual clients=6 client_fraction=0.2000
2026-07-02 18:09:10,096 | INFO | Output directory: /home/micl/DungNDH/micl/bayesfl_base_source/outputs/smoke_vi_mnist
2026-07-02 18:09:11,553 | INFO | Loaded dataset with input_shape=(1, 28, 28) num_classes=10
2026-07-02 18:09:11,554 | INFO | Saved device/data summary to outputs/smoke_vi_mnist/device_summary.csv
2026-07-02 18:09:11,555 | INFO | Initial payload arrays: [(50890,), (50890,)]
2026-07-02 18:09:11,558 | INFO | Flower client_resources={'num_cpus': 1.0, 'num_gpus': 0.25}
2026-07-02 18:09:11,724 | WARNING | DEPRECATED FEATURE: flwr.simulation.start_simulation() is deprecated.
	Instead, use the `flwr run` CLI command to start a local simulation in your Flower app, as shown for example below:

		$ flwr new  # Create a new Flower app from a template

		$ flwr run  # Run the Flower app in Simulation Mode

	Using `start_simulation()` is deprecated.

            This is a deprecated feature. It will be removed
            entirely in future versions of Flower.
        
2026-07-02 18:09:11,725 | INFO | Starting Flower simulation, config: num_rounds=3, no round_timeout
2026-07-02 18:09:14,038 | INFO | Flower VCE: Ray initialized with resources: {'node:__internal_head__': 1.0, 'object_store_memory': 67845180211.0, 'GPU': 2.0, 'CPU': 48.0, 'memory': 158305420493.0, 'node:203.249.64.186': 1.0, 'accelerator_type:G': 1.0}
2026-07-02 18:09:14,038 | INFO | Optimize your simulation with Flower VCE: https://flower.ai/docs/framework/how-to-run-simulations.html
2026-07-02 18:09:14,038 | INFO | Flower VCE: Resources for each Virtual Client: {'num_cpus': 1.0, 'num_gpus': 0.25}
2026-07-02 18:09:14,140 | INFO | Flower VCE: Creating VirtualClientEngineActorPool with 8 actors
2026-07-02 18:09:14,141 | INFO | [INIT]
2026-07-02 18:09:14,141 | INFO | Using initial global parameters provided by strategy
2026-07-02 18:09:14,141 | INFO | Starting evaluation of initial global parameters
2026-07-02 18:09:17,888 | INFO | initial parameters (loss, other metrics): 2.4288704261779785, {'accuracy': 0.114, 'global_ece': 0.08900186582133172, 'selected_count': 0, 'active_physical_devices': 0}
2026-07-02 18:09:17,889 | INFO | 
2026-07-02 18:09:17,889 | INFO | [ROUND 1]
2026-07-02 18:09:17,890 | INFO | configure_fit: strategy sampled 6 clients (out of 6)
2026-07-02 18:09:24,706 | INFO | aggregate_fit: received 6 results and 0 failures
2026-07-02 18:09:27,862 | INFO | fit progress: (1, 2.419894707489014, {'accuracy': 0.1294, 'global_ece': 0.0974886429734528, 'selected_count': 6, 'active_physical_devices': 6}, 9.973513968288898)
2026-07-02 18:09:27,862 | INFO | configure_evaluate: no clients selected, skipping evaluation
2026-07-02 18:09:27,862 | INFO | 
2026-07-02 18:09:27,863 | INFO | [ROUND 2]
2026-07-02 18:09:27,863 | INFO | configure_fit: strategy sampled 6 clients (out of 6)
2026-07-02 18:09:31,257 | INFO | aggregate_fit: received 6 results and 0 failures
2026-07-02 18:09:34,501 | INFO | fit progress: (2, 2.3959617645263673, {'accuracy': 0.1603, 'global_ece': 0.08843529599756002, 'selected_count': 6, 'active_physical_devices': 6}, 16.612115520983934)
2026-07-02 18:09:34,501 | INFO | configure_evaluate: no clients selected, skipping evaluation
2026-07-02 18:09:34,501 | INFO | 
2026-07-02 18:09:34,501 | INFO | [ROUND 3]
2026-07-02 18:09:34,502 | INFO | configure_fit: strategy sampled 6 clients (out of 6)
2026-07-02 18:09:37,766 | INFO | aggregate_fit: received 6 results and 0 failures
2026-07-02 18:09:40,945 | INFO | fit progress: (3, 2.3373328395843505, {'accuracy': 0.2307, 'global_ece': 0.03679524786621331, 'selected_count': 6, 'active_physical_devices': 6}, 23.05652504041791)
2026-07-02 18:09:40,946 | INFO | configure_evaluate: no clients selected, skipping evaluation
2026-07-02 18:09:40,946 | INFO | 
2026-07-02 18:09:40,946 | INFO | [SUMMARY]
2026-07-02 18:09:40,946 | INFO | Run finished 3 round(s) in 23.06s
2026-07-02 18:09:40,949 | INFO | 	History (loss, centralized):
2026-07-02 18:09:40,949 | INFO | 		round 0: 2.4288704261779785
2026-07-02 18:09:40,949 | INFO | 		round 1: 2.419894707489014
2026-07-02 18:09:40,949 | INFO | 		round 2: 2.3959617645263673
2026-07-02 18:09:40,949 | INFO | 		round 3: 2.3373328395843505
2026-07-02 18:09:40,949 | INFO | 	History (metrics, distributed, fit):
2026-07-02 18:09:40,949 | INFO | 	{'active_physical_devices': [(1, 6), (2, 6), (3, 6)],
2026-07-02 18:09:40,949 | INFO | 	 'active_virtual_clients': [(1, 4), (2, 5), (3, 4)],
2026-07-02 18:09:40,949 | INFO | 	 'aggregate_time_sec': [(1, 0.002788882702589035),
2026-07-02 18:09:40,949 | INFO | 	                        (2, 0.0038910172879695892),
2026-07-02 18:09:40,950 | INFO | 	                        (3, 0.002959303557872772)],
2026-07-02 18:09:40,950 | INFO | 	 'aggregation_delta_cosine': [(1, 0.9864481213673195),
2026-07-02 18:09:40,950 | INFO | 	                              (2, 0.9929011726229863),
2026-07-02 18:09:40,950 | INFO | 	                              (3, 0.9869608202616325)],
2026-07-02 18:09:40,950 | INFO | 	 'aggregation_delta_l2': [(1, 0.8269116597096468),
2026-07-02 18:09:40,950 | INFO | 	                          (2, 0.6043626078580409),
2026-07-02 18:09:40,950 | INFO | 	                          (3, 0.8286418677032625)],
2026-07-02 18:09:40,950 | INFO | 	 'aggregation_delta_linf': [(1, 0.022431939840316772),
2026-07-02 18:09:40,950 | INFO | 	                            (2, 0.01182156428694725),
2026-07-02 18:09:40,950 | INFO | 	                            (3, 0.016445204615592957)],
2026-07-02 18:09:40,950 | INFO | 	 'aggregation_energy_after': [(1, nan), (2, nan), (3, nan)],
2026-07-02 18:09:40,950 | INFO | 	 'aggregation_energy_before': [(1, nan), (2, nan), (3, nan)],
2026-07-02 18:09:40,950 | INFO | 	 'aggregation_error_proxy': [(1, nan), (2, nan), (3, nan)],
2026-07-02 18:09:40,950 | INFO | 	 'aggregation_mode': [(1, 'product'), (2, 'product'), (3, 'product')],
2026-07-02 18:09:40,950 | INFO | 	 'aggregation_weight_entropy': [(1, 0.8546542150812425),
2026-07-02 18:09:40,950 | INFO | 	                                (2, 1.2630671231822301),
2026-07-02 18:09:40,950 | INFO | 	                                (3, 0.7301650381010272)],
2026-07-02 18:09:40,950 | INFO | 	 'aggregation_weight_max': [(1, 0.7018107476635514),
2026-07-02 18:09:40,950 | INFO | 	                            (2, 0.42467084916497305),
2026-07-02 18:09:40,950 | INFO | 	                            (3, 0.7959233791748527)],
2026-07-02 18:09:40,950 | INFO | 	 'aggregation_weight_min': [(1, 0.040595794392523366),
2026-07-02 18:09:40,950 | INFO | 	                            (2, 0.029159671290978174),
2026-07-02 18:09:40,950 | INFO | 	                            (3, 0.06630648330058939)],
2026-07-02 18:09:40,950 | INFO | 	 'client_update_cosine_max': [(1, 0.9989727137321674),
2026-07-02 18:09:40,950 | INFO | 	                              (2, 0.9864734037602555),
2026-07-02 18:09:40,950 | INFO | 	                              (3, 0.9990153192500988)],
2026-07-02 18:09:40,950 | INFO | 	 'client_update_cosine_mean': [(1, 0.9852590193684084),
2026-07-02 18:09:40,950 | INFO | 	                               (2, 0.9785735840443065),
2026-07-02 18:09:40,950 | INFO | 	                               (3, 0.9878715157989549)],
2026-07-02 18:09:40,950 | INFO | 	 'client_update_cosine_min': [(1, 0.9745615569101755),
2026-07-02 18:09:40,950 | INFO | 	                              (2, 0.974783147174841),
2026-07-02 18:09:40,950 | INFO | 	                              (3, 0.9751314635673725)],
2026-07-02 18:09:40,951 | INFO | 	 'client_update_cosine_p10': [(1, 0.9747829672625032),
2026-07-02 18:09:40,951 | INFO | 	                              (2, 0.9749056618768005),
2026-07-02 18:09:40,951 | INFO | 	                              (3, 0.9809440744601584)],
2026-07-02 18:09:40,951 | INFO | 	 'client_update_cosine_p50': [(1, 0.98733986163576),
2026-07-02 18:09:40,951 | INFO | 	                              (2, 0.9760698929124045),
2026-07-02 18:09:40,951 | INFO | 	                              (3, 0.9887428730532976)],
2026-07-02 18:09:40,951 | INFO | 	 'client_update_cosine_p90': [(1, 0.9936542292069619),
2026-07-02 18:09:40,951 | INFO | 	                              (2, 0.9847451973437145),
2026-07-02 18:09:40,951 | INFO | 	                              (3, 0.9939275998834085)],
2026-07-02 18:09:40,951 | INFO | 	 'client_update_cosine_std': [(1, 0.00844345926993707),
2026-07-02 18:09:40,951 | INFO | 	                              (2, 0.004515732260199604),
2026-07-02 18:09:40,951 | INFO | 	                              (3, 0.006954527082403046)],
2026-07-02 18:09:40,951 | INFO | 	 'client_update_l2_max': [(1, 1.143932045303906),
2026-07-02 18:09:40,951 | INFO | 	                          (2, 1.1543150698224915),
2026-07-02 18:09:40,951 | INFO | 	                          (3, 1.1546945041653387)],
2026-07-02 18:09:40,951 | INFO | 	 'client_update_l2_mean': [(1, 0.8103001677911444),
2026-07-02 18:09:40,951 | INFO | 	                           (2, 1.054995260492178),
2026-07-02 18:09:40,951 | INFO | 	                           (3, 0.7532473882320242)],
2026-07-02 18:09:40,951 | INFO | 	 'client_update_l2_min': [(1, 0.22558809087328643),
2026-07-02 18:09:40,951 | INFO | 	                          (2, 0.8378863009331116),
2026-07-02 18:09:40,951 | INFO | 	                          (3, 0.22558808696002647)],
2026-07-02 18:09:40,951 | INFO | 	 'client_update_l2_p10': [(1, 0.49531918973903316),
2026-07-02 18:09:40,951 | INFO | 	                          (2, 0.8884031070698502),
2026-07-02 18:09:40,951 | INFO | 	                          (3, 0.4955923236305455)],
2026-07-02 18:09:40,951 | INFO | 	 'client_update_l2_p50': [(1, 0.7983068977210489),
2026-07-02 18:09:40,951 | INFO | 	                          (2, 1.124577235754095),
2026-07-02 18:09:40,951 | INFO | 	                          (3, 0.7689663696239779)],
2026-07-02 18:09:40,951 | INFO | 	 'client_update_l2_p90': [(1, 1.1372744159133514),
2026-07-02 18:09:40,951 | INFO | 	                          (2, 1.1520054386525889),
2026-07-02 18:09:40,951 | INFO | 	                          (3, 0.9951834714415491)],
2026-07-02 18:09:40,951 | INFO | 	 'client_update_l2_std': [(1, 0.30554228933699),
2026-07-02 18:09:40,951 | INFO | 	                          (2, 0.12215691201165539),
2026-07-02 18:09:40,951 | INFO | 	                          (3, 0.27295534772756924)],
2026-07-02 18:09:40,951 | INFO | 	 'fit_time_sec': [(1, 6.823875721544027),
2026-07-02 18:09:40,952 | INFO | 	                  (2, 3.402009531855583),
2026-07-02 18:09:40,952 | INFO | 	                  (3, 3.2720606699585915)],
2026-07-02 18:09:40,952 | INFO | 	 'local_accuracy_max': [(1, 0.6333333333333333),
2026-07-02 18:09:40,952 | INFO | 	                        (2, 0.7378640776699029),
2026-07-02 18:09:40,952 | INFO | 	                        (3, 0.8064516129032258)],
2026-07-02 18:09:40,952 | INFO | 	 'local_accuracy_mean': [(1, 0.5069571507471904),
2026-07-02 18:09:40,952 | INFO | 	                         (2, 0.6094536248012553),
2026-07-02 18:09:40,952 | INFO | 	                         (3, 0.6588559758442389)],
2026-07-02 18:09:40,952 | INFO | 	 'local_accuracy_min': [(1, 0.4), (2, 0.11538461538461539), (3, 0.5)],
2026-07-02 18:09:40,952 | INFO | 	 'local_accuracy_p10': [(1, 0.41322834645669293),
2026-07-02 18:09:40,952 | INFO | 	                        (2, 0.391025641025641),
2026-07-02 18:09:40,952 | INFO | 	                        (3, 0.5210526315789474)],
2026-07-02 18:09:40,952 | INFO | 	 'local_accuracy_p25': [(1, 0.4330708661417323),
2026-07-02 18:09:40,952 | INFO | 	                        (2, 0.6731366459627329),
2026-07-02 18:09:40,952 | INFO | 	                        (3, 0.5526315789473685)],
2026-07-02 18:09:40,952 | INFO | 	 'local_accuracy_p50': [(1, 0.4473684210526316),
2026-07-02 18:09:40,952 | INFO | 	                        (2, 0.7064984326384114),
2026-07-02 18:09:40,952 | INFO | 	                        (3, 0.7018633540372671)],
2026-07-02 18:09:40,952 | INFO | 	 'local_accuracy_p75': [(1, 0.6210131332082551),
2026-07-02 18:09:40,952 | INFO | 	                        (2, 0.7229697132136157),
2026-07-02 18:09:40,952 | INFO | 	                        (3, 0.7333333333333333)],
2026-07-02 18:09:40,952 | INFO | 	 'local_accuracy_p90': [(1, 0.628405253283302),
2026-07-02 18:09:40,952 | INFO | 	                        (2, 0.7308368007397134),
2026-07-02 18:09:40,952 | INFO | 	                        (3, 0.7772043010752687)],
2026-07-02 18:09:40,952 | INFO | 	 'local_accuracy_std': [(1, 0.09942790203516516),
2026-07-02 18:09:40,952 | INFO | 	                        (2, 0.22217438042178794),
2026-07-02 18:09:40,952 | INFO | 	                        (3, 0.11462968812133614)],
2026-07-02 18:09:40,952 | INFO | 	 'local_accuracy_weighted': [(1, 0.5724751737766631),
2026-07-02 18:09:40,952 | INFO | 	                             (2, 0.6896462431143299),
2026-07-02 18:09:40,952 | INFO | 	                             (3, 0.6850854645539947)],
2026-07-02 18:09:40,952 | INFO | 	 'local_eval_count': [(1, 5), (2, 6), (3, 5)],
2026-07-02 18:09:40,952 | INFO | 	 'local_loss_max': [(1, 2.1035395344411296),
2026-07-02 18:09:40,952 | INFO | 	                    (2, 2.299702864426833),
2026-07-02 18:09:40,953 | INFO | 	                    (3, 1.9764579772949218)],
2026-07-02 18:09:40,953 | INFO | 	 'local_loss_mean': [(1, 1.995165907362886),
2026-07-02 18:09:40,953 | INFO | 	                     (2, 1.8427707380652258),
2026-07-02 18:09:40,953 | INFO | 	                     (3, 1.7156885156783095)],
2026-07-02 18:09:40,953 | INFO | 	 'local_loss_min': [(1, 1.7736996333997201),
2026-07-02 18:09:40,953 | INFO | 	                    (2, 1.4754295349121094),
2026-07-02 18:09:40,953 | INFO | 	                    (3, 1.5923138280068674)],
2026-07-02 18:09:40,953 | INFO | 	 'local_loss_p50': [(1, 2.0778578708046362),
2026-07-02 18:09:40,953 | INFO | 	                    (2, 1.805122220820604),
2026-07-02 18:09:40,953 | INFO | 	                    (3, 1.6467634836832683)],
2026-07-02 18:09:40,953 | INFO | 	 'local_loss_std': [(1, 0.12592428667601002),
2026-07-02 18:09:40,953 | INFO | 	                    (2, 0.24927603000593854),
2026-07-02 18:09:40,953 | INFO | 	                    (3, 0.14242980116230264)],
2026-07-02 18:09:40,953 | INFO | 	 'local_loss_weighted': [(1, 1.8631860581386661),
2026-07-02 18:09:40,953 | INFO | 	                         (2, 1.6713244261657045),
2026-07-02 18:09:40,953 | INFO | 	                         (3, 1.6459624111187487)],
2026-07-02 18:09:40,953 | INFO | 	 'local_nll_mean': [(1, 1.995165907362886),
2026-07-02 18:09:40,953 | INFO | 	                    (2, 1.8427707380652258),
2026-07-02 18:09:40,953 | INFO | 	                    (3, 1.7156885156783095)],
2026-07-02 18:09:40,953 | INFO | 	 'local_nll_std': [(1, 0.12592428667601002),
2026-07-02 18:09:40,953 | INFO | 	                   (2, 0.24927603000593854),
2026-07-02 18:09:40,953 | INFO | 	                   (3, 0.14242980116230264)],
2026-07-02 18:09:40,953 | INFO | 	 'num_fit_failures': [(1, 0), (2, 0), (3, 0)],
2026-07-02 18:09:40,953 | INFO | 	 'posterior_product_mu_norm': [(1, 5.039875254926075),
2026-07-02 18:09:40,953 | INFO | 	                               (2, 5.080967260680079),
2026-07-02 18:09:40,953 | INFO | 	                               (3, 5.148101309366428)],
2026-07-02 18:09:40,953 | INFO | 	 'posterior_product_precision_mean': [(1, 396.8062438964844),
2026-07-02 18:09:40,953 | INFO | 	                                      (2, 393.511962890625),
2026-07-02 18:09:40,953 | INFO | 	                                      (3, 390.6755676269531)],
2026-07-02 18:09:40,953 | INFO | 	 'posterior_product_precision_std': [(1, 6.714062690734863),
2026-07-02 18:09:40,953 | INFO | 	                                     (2, 8.136019706726074),
2026-07-02 18:09:40,953 | INFO | 	                                     (3, 9.847504615783691)],
2026-07-02 18:09:40,954 | INFO | 	 'posterior_product_sigma_mean': [(1, 0.050206225365400314),
2026-07-02 18:09:40,954 | INFO | 	                                  (2, 0.050418611615896225),
2026-07-02 18:09:40,954 | INFO | 	                                  (3, 0.050605274736881256)],
2026-07-02 18:09:40,954 | INFO | 	 'prior_loss_max': [(1, 270.202921440263),
2026-07-02 18:09:40,954 | INFO | 	                    (2, 270.69984191156357),
2026-07-02 18:09:40,954 | INFO | 	                    (3, 268.62176266753795)],
2026-07-02 18:09:40,954 | INFO | 	 'prior_loss_mean': [(1, 152.45382956706158),
2026-07-02 18:09:40,954 | INFO | 	                     (2, 227.99445657628476),
2026-07-02 18:09:40,954 | INFO | 	                     (3, 127.97591819644424)],
2026-07-02 18:09:40,954 | INFO | 	 'prior_loss_min': [(1, 10.226420543975028),
2026-07-02 18:09:40,954 | INFO | 	                    (2, 140.3997037006518),
2026-07-02 18:09:40,954 | INFO | 	                    (3, 10.061311077713256)],
2026-07-02 18:09:40,954 | INFO | 	 'prior_loss_p10': [(1, 64.08714505674094),
2026-07-02 18:09:40,954 | INFO | 	                    (2, 158.42897117935865),
2026-07-02 18:09:40,954 | INFO | 	                    (3, 63.135766978779955)],
2026-07-02 18:09:40,954 | INFO | 	 'prior_loss_p50': [(1, 128.66764100397728),
2026-07-02 18:09:40,954 | INFO | 	                    (2, 256.6692156991134),
2026-07-02 18:09:40,954 | INFO | 	                    (3, 117.22583339022027)],
2026-07-02 18:09:40,954 | INFO | 	 'prior_loss_p90': [(1, 264.60670264046644),
2026-07-02 18:09:40,954 | INFO | 	                    (2, 268.88518285038236),
2026-07-02 18:09:40,954 | INFO | 	                    (3, 203.5661542203325)],
2026-07-02 18:09:40,954 | INFO | 	 'prior_loss_std': [(1, 89.42296444516067),
2026-07-02 18:09:40,954 | INFO | 	                    (2, 50.813750555860906),
2026-07-02 18:09:40,954 | INFO | 	                    (3, 75.46072671742041)],
2026-07-02 18:09:40,954 | INFO | 	 'regularization_loss_max': [(1, 270.202921440263),
2026-07-02 18:09:40,954 | INFO | 	                             (2, 270.69984191156357),
2026-07-02 18:09:40,954 | INFO | 	                             (3, 268.62176266753795)],
2026-07-02 18:09:40,954 | INFO | 	 'regularization_loss_mean': [(1, 152.45382956706158),
2026-07-02 18:09:40,954 | INFO | 	                              (2, 227.99445657628476),
2026-07-02 18:09:40,954 | INFO | 	                              (3, 127.97591819644424)],
2026-07-02 18:09:40,954 | INFO | 	 'regularization_loss_min': [(1, 10.226420543975028),
2026-07-02 18:09:40,954 | INFO | 	                             (2, 140.3997037006518),
2026-07-02 18:09:40,954 | INFO | 	                             (3, 10.061311077713256)],
2026-07-02 18:09:40,955 | INFO | 	 'regularization_loss_p10': [(1, 64.08714505674094),
2026-07-02 18:09:40,955 | INFO | 	                             (2, 158.42897117935865),
2026-07-02 18:09:40,955 | INFO | 	                             (3, 63.135766978779955)],
2026-07-02 18:09:40,955 | INFO | 	 'regularization_loss_p50': [(1, 128.66764100397728),
2026-07-02 18:09:40,955 | INFO | 	                             (2, 256.6692156991134),
2026-07-02 18:09:40,955 | INFO | 	                             (3, 117.22583339022027)],
2026-07-02 18:09:40,955 | INFO | 	 'regularization_loss_p90': [(1, 264.60670264046644),
2026-07-02 18:09:40,955 | INFO | 	                             (2, 268.88518285038236),
2026-07-02 18:09:40,955 | INFO | 	                             (3, 203.5661542203325)],
2026-07-02 18:09:40,955 | INFO | 	 'regularization_loss_std': [(1, 89.42296444516067),
2026-07-02 18:09:40,955 | INFO | 	                             (2, 50.813750555860906),
2026-07-02 18:09:40,955 | INFO | 	                             (3, 75.46072671742041)],
2026-07-02 18:09:40,955 | INFO | 	 'selected_count': [(1, 6), (2, 6), (3, 6)],
2026-07-02 18:09:40,955 | INFO | 	 'selected_examples': [(1, 6848), (2, 11317), (3, 4072)],
2026-07-02 18:09:40,955 | INFO | 	 'total_examples': [(1, 6848), (2, 11317), (3, 4072)],
2026-07-02 18:09:40,955 | INFO | 	 'train_loss': [(1, 273.68745958239435),
2026-07-02 18:09:40,955 | INFO | 	                (2, 274.90997337822864),
2026-07-02 18:09:40,955 | INFO | 	                (3, 237.27529777587355)],
2026-07-02 18:09:40,955 | INFO | 	 'train_loss_max': [(1, 306.88775915499554),
2026-07-02 18:09:40,955 | INFO | 	                    (2, 296.15491580963135),
2026-07-02 18:09:40,955 | INFO | 	                    (3, 287.1282079298418)],
2026-07-02 18:09:40,955 | INFO | 	 'train_loss_mean': [(1, 159.34922339988825),
2026-07-02 18:09:40,955 | INFO | 	                     (2, 230.48235510653862),
2026-07-02 18:09:40,955 | INFO | 	                     (3, 125.29822186198048)],
2026-07-02 18:09:40,955 | INFO | 	 'train_loss_min': [(1, 10.083984375),
2026-07-02 18:09:40,955 | INFO | 	                    (2, 128.350904378024),
2026-07-02 18:09:40,955 | INFO | 	                    (3, 8.538834571838379)],
2026-07-02 18:09:40,955 | INFO | 	 'train_loss_p10': [(1, 65.50580782360501),
2026-07-02 18:09:40,955 | INFO | 	                    (2, 146.99976261890296),
2026-07-02 18:09:40,955 | INFO | 	                    (3, 58.58020779821608)],
2026-07-02 18:09:40,955 | INFO | 	 'train_loss_p50': [(1, 136.86544991984513),
2026-07-02 18:09:40,955 | INFO | 	                    (2, 250.25844106862775),
2026-07-02 18:09:40,955 | INFO | 	                    (3, 113.072166495853)],
2026-07-02 18:09:40,955 | INFO | 	 'train_loss_p90': [(1, 275.67641245621456),
2026-07-02 18:09:40,956 | INFO | 	                    (2, 294.18886163208515),
2026-07-02 18:09:40,956 | INFO | 	                    (3, 204.24229129187233)],
2026-07-02 18:09:40,956 | INFO | 	 'train_loss_std': [(1, 94.86505139342964),
2026-07-02 18:09:40,956 | INFO | 	                    (2, 63.53881199815867),
2026-07-02 18:09:40,956 | INFO | 	                    (3, 82.08715122194039)],
2026-07-02 18:09:40,956 | INFO | 	 'vi_elbo_loss_max': [(1, 306.88775915499554),
2026-07-02 18:09:40,956 | INFO | 	                      (2, 296.15491580963135),
2026-07-02 18:09:40,956 | INFO | 	                      (3, 287.1282079298418)],
2026-07-02 18:09:40,956 | INFO | 	 'vi_elbo_loss_mean': [(1, 159.34922339988825),
2026-07-02 18:09:40,956 | INFO | 	                       (2, 230.48235510653862),
2026-07-02 18:09:40,956 | INFO | 	                       (3, 125.29822186198048)],
2026-07-02 18:09:40,956 | INFO | 	 'vi_elbo_loss_min': [(1, 10.083984375),
2026-07-02 18:09:40,956 | INFO | 	                      (2, 128.350904378024),
2026-07-02 18:09:40,956 | INFO | 	                      (3, 8.538834571838379)],
2026-07-02 18:09:40,956 | INFO | 	 'vi_elbo_loss_p10': [(1, 65.50580782360501),
2026-07-02 18:09:40,956 | INFO | 	                      (2, 146.99976261890296),
2026-07-02 18:09:40,956 | INFO | 	                      (3, 58.58020779821608)],
2026-07-02 18:09:40,956 | INFO | 	 'vi_elbo_loss_p50': [(1, 136.86544991984513),
2026-07-02 18:09:40,956 | INFO | 	                      (2, 250.25844106862775),
2026-07-02 18:09:40,956 | INFO | 	                      (3, 113.072166495853)],
2026-07-02 18:09:40,956 | INFO | 	 'vi_elbo_loss_p90': [(1, 275.67641245621456),
2026-07-02 18:09:40,956 | INFO | 	                      (2, 294.18886163208515),
2026-07-02 18:09:40,956 | INFO | 	                      (3, 204.24229129187233)],
2026-07-02 18:09:40,956 | INFO | 	 'vi_elbo_loss_std': [(1, 94.86505139342964),
2026-07-02 18:09:40,956 | INFO | 	                      (2, 63.53881199815867),
2026-07-02 18:09:40,956 | INFO | 	                      (3, 82.08715122194039)],
2026-07-02 18:09:40,956 | INFO | 	 'vi_kl_loss_max': [(1, 270.202921440263),
2026-07-02 18:09:40,956 | INFO | 	                    (2, 270.69984191156357),
2026-07-02 18:09:40,956 | INFO | 	                    (3, 268.62176266753795)],
2026-07-02 18:09:40,956 | INFO | 	 'vi_kl_loss_mean': [(1, 152.45382956706158),
2026-07-02 18:09:40,956 | INFO | 	                     (2, 227.99445657628476),
2026-07-02 18:09:40,956 | INFO | 	                     (3, 127.97591819644424)],
2026-07-02 18:09:40,956 | INFO | 	 'vi_kl_loss_min': [(1, 10.226420543975028),
2026-07-02 18:09:40,957 | INFO | 	                    (2, 140.3997037006518),
2026-07-02 18:09:40,957 | INFO | 	                    (3, 10.061311077713256)],
2026-07-02 18:09:40,957 | INFO | 	 'vi_kl_loss_p10': [(1, 64.08714505674094),
2026-07-02 18:09:40,957 | INFO | 	                    (2, 158.42897117935865),
2026-07-02 18:09:40,957 | INFO | 	                    (3, 63.135766978779955)],
2026-07-02 18:09:40,957 | INFO | 	 'vi_kl_loss_p50': [(1, 128.66764100397728),
2026-07-02 18:09:40,957 | INFO | 	                    (2, 256.6692156991134),
2026-07-02 18:09:40,957 | INFO | 	                    (3, 117.22583339022027)],
2026-07-02 18:09:40,957 | INFO | 	 'vi_kl_loss_p90': [(1, 264.60670264046644),
2026-07-02 18:09:40,957 | INFO | 	                    (2, 268.88518285038236),
2026-07-02 18:09:40,957 | INFO | 	                    (3, 203.5661542203325)],
2026-07-02 18:09:40,957 | INFO | 	 'vi_kl_loss_std': [(1, 89.42296444516067),
2026-07-02 18:09:40,957 | INFO | 	                    (2, 50.813750555860906),
2026-07-02 18:09:40,957 | INFO | 	                    (3, 75.46072671742041)]}
2026-07-02 18:09:40,957 | INFO | 	History (metrics, centralized):
2026-07-02 18:09:40,957 | INFO | 	{'accuracy': [(0, 0.114), (1, 0.1294), (2, 0.1603), (3, 0.2307)],
2026-07-02 18:09:40,957 | INFO | 	 'active_physical_devices': [(0, 0), (1, 6), (2, 6), (3, 6)],
2026-07-02 18:09:40,957 | INFO | 	 'global_ece': [(0, 0.08900186582133172),
2026-07-02 18:09:40,957 | INFO | 	                (1, 0.0974886429734528),
2026-07-02 18:09:40,957 | INFO | 	                (2, 0.08843529599756002),
2026-07-02 18:09:40,957 | INFO | 	                (3, 0.03679524786621331)],
2026-07-02 18:09:40,957 | INFO | 	 'selected_count': [(0, 0), (1, 6), (2, 6), (3, 6)]}
2026-07-02 18:09:40,957 | INFO | 
2026-07-02 18:09:41,041 | INFO | Saved metrics: outputs/smoke_vi_mnist/metrics.csv
2026-07-02 18:09:41,041 | INFO | Saved selection_summary: outputs/smoke_vi_mnist/selection_summary.csv
2026-07-02 18:09:41,041 | INFO | Saved selected_clients: outputs/smoke_vi_mnist/selected_clients.csv
2026-07-02 18:09:41,041 | INFO | Saved communication_metrics: outputs/smoke_vi_mnist/communication_metrics.csv
2026-07-02 18:09:41,041 | INFO | Saved client_train_metrics: outputs/smoke_vi_mnist/client_train_metrics.csv
2026-07-02 18:09:41,041 | INFO | Saved client_eval_metrics: outputs/smoke_vi_mnist/client_eval_metrics.csv
2026-07-02 18:09:41,041 | INFO | Saved calibration_bins: outputs/smoke_vi_mnist/calibration_bins.csv
2026-07-02 18:09:41,041 | INFO | Saved posterior_summary: outputs/smoke_vi_mnist/posterior_summary.csv
2026-07-02 18:09:41,041 | INFO | Saved snr_histograms: outputs/smoke_vi_mnist/snr_histograms.csv
2026-07-02 18:09:41,041 | INFO | Saved aggregation_diagnostics: outputs/smoke_vi_mnist/aggregation_diagnostics.csv
2026-07-02 18:09:41,041 | INFO | Saved run_summary: outputs/smoke_vi_mnist/run_summary.csv
2026-07-02 18:09:41,041 | INFO | Saved pruning_eval: outputs/smoke_vi_mnist/pruning_eval.csv
2026-07-02 18:09:41,041 | INFO | Saved final model: outputs/smoke_vi_mnist/final_model.pt
2026-07-02 18:09:41,041 | INFO | Done
